<html>
<body>
<pre>
<h1>礦ision Build Log</h1>
<h2>Tool Versions:</h2>
IDE-Version: μVision V5.14.2
Copyright (C) 2015 ARM Ltd and ARM Germany GmbH. All rights reserved.
License Information: Cortex-M3, char, LIC=0VRAR-K7FAB-NRZXL-0DM5J-5GI91-RI7PS
 
Tool Versions:
Toolchain:       MDK-ARM Professional  Version: 5.14.0.0
Toolchain Path:  D:\keil5\ARM\ARMCC\Bin
C Compiler:      Armcc.exe V5.05 update 1 (build 106)
Assembler:       Armasm.exe V5.05 update 1 (build 106)
Linker/Locator:  ArmLink.exe V5.05 update 1 (build 106)
Library Manager: ArmAr.exe V5.05 update 1 (build 106)
Hex Converter:   FromElf.exe V5.05 update 1 (build 106)
CPU DLL:         SARMCM3.DLL V5.14.0.0
Dialog DLL:      DCM.DLL V1.13.1.0
Target DLL:      STLink\ST-LINKIII-KEIL_SWO.dll V2.0.14.0_KEIL
Dialog DLL:      TCM.DLL V1.14.4.0
 
<h2>Project:</h2>
D:\项目\ROS全向轮小车\car\USER\USART.uvprojx
Project File Date:  06/06/2019

<h2>Output:</h2>
*** Using Compiler 'V5.05 update 1 (build 106)', folder: 'D:\keil5\ARM\ARMCC\Bin'
Build target 'Target 1'
compiling controlturn.c...
..\HARDWARE\CONTROLTRUN\controlturn.c(264): warning:  #550-D: variable "LAimEncoder" was set but never used
        static int RAimEncoder=0,LAimEncoder=0,TAimEncoder=0;
..\HARDWARE\CONTROLTRUN\controlturn.c(380): warning:  #550-D: variable "RAimEncoder" was set but never used
         static int RAimEncoder=0,LAimEncoder=0,TAimEncoder=0,Dspeed=0;
..\HARDWARE\CONTROLTRUN\controlturn.c(380): warning:  #550-D: variable "LAimEncoder" was set but never used
         static int RAimEncoder=0,LAimEncoder=0,TAimEncoder=0,Dspeed=0;
..\HARDWARE\CONTROLTRUN\controlturn.c(380): warning:  #550-D: variable "TAimEncoder" was set but never used
         static int RAimEncoder=0,LAimEncoder=0,TAimEncoder=0,Dspeed=0;
..\HARDWARE\CONTROLTRUN\controlturn.c: 4 warnings, 0 errors
linking...
Program Size: Code=53098 RO-data=1438 RW-data=616 ZI-data=8256  
FromELF: creating hex file...
"..\OBJ\USART.axf" - 0 Error(s), 4 Warning(s).

<h2>Collection of Component include folders:</h2>
  D:\项目\ROS全向轮小车\car\USER\RTE
  D:\keil5\ARM\PACK\Keil\STM32F1xx_DFP\2.1.0\Device\Include

<h2>Collection of Component Files used:</h2>
</pre>
</body>
</html>
