Component: ARM Compiler 5.05 update 1 (build 106) Tool: armlink [4d0efa]

==============================================================================

Section Cross References

    system_stm32f10x.o(.text) refers to system_stm32f10x.o(.data) for SystemCoreClock
    timer.o(.text) refers to stm32f10x_rcc.o(.text) for RCC_APB2PeriphClockCmd
    timer.o(.text) refers to stm32f10x_gpio.o(.text) for GPIO_Init
    timer.o(.text) refers to stm32f10x_tim.o(.text) for TIM_TimeBaseInit
    timer.o(.text) refers to misc.o(.text) for NVIC_Init
    timer.o(.text) refers to timer.o(.data) for Time6_Cnt
    led.o(.text) refers to stm32f10x_rcc.o(.text) for RCC_APB2PeriphClockCmd
    led.o(.text) refers to stm32f10x_gpio.o(.text) for GPIO_Init
    led.o(.text) refers to led.o(.data) for Buzzer_flag
    control.o(.text) refers to fflt_clz.o(x$fpl$fflt) for __aeabi_i2f
    control.o(.text) refers to fmul.o(x$fpl$fmul) for __aeabi_fmul
    control.o(.text) refers to f2d.o(x$fpl$f2d) for __aeabi_f2d
    control.o(.text) refers to daddsub_clz.o(x$fpl$dadd) for __aeabi_dadd
    control.o(.text) refers to dfix.o(x$fpl$dfix) for __aeabi_d2iz
    control.o(.text) refers to stm32f10x_tim.o(.text) for TIM_SetCompare3
    control.o(.text) refers to faddsub_clz.o(x$fpl$fsub) for __aeabi_fsub
    control.o(.text) refers to faddsub_clz.o(x$fpl$fadd) for __aeabi_fadd
    control.o(.text) refers to frleqf.o(x$fpl$frleqf) for __aeabi_cfrcmple
    control.o(.text) refers to fleqf.o(x$fpl$fleqf) for __aeabi_cfcmple
    control.o(.text) refers to ffix.o(x$fpl$ffix) for __aeabi_f2iz
    control.o(.text) refers to control.o(.bss) for LeftWheel
    control.o(.text) refers to feqf.o(x$fpl$feqf) for __aeabi_cfcmpeq
    control.o(.text) refers to dflt_clz.o(x$fpl$dflt) for __aeabi_i2d
    control.o(.text) refers to dmul.o(x$fpl$dmul) for __aeabi_dmul
    control.o(.text) refers to sin.o(i.sin) for sin
    control.o(.text) refers to encoder.o(.bss) for GetEncoder
    control.o(.text) refers to control.o(.data) for Bias
    control.o(.text) refers to cos.o(i.cos) for cos
    control.o(.text) refers to daddsub_clz.o(x$fpl$dsub) for __aeabi_dsub
    dealdata.o(.text) refers to bsp_usart.o(.text) for USART2_DMA_TX
    dealdata.o(.text) refers to gy85.o(.text) for GetData
    dealdata.o(.text) refers to fflt_clz.o(x$fpl$fflt) for __aeabi_i2f
    dealdata.o(.text) refers to f2d.o(x$fpl$f2d) for __aeabi_f2d
    dealdata.o(.text) refers to dmul.o(x$fpl$dmul) for __aeabi_dmul
    dealdata.o(.text) refers to daddsub_clz.o(x$fpl$dadd) for __aeabi_dadd
    dealdata.o(.text) refers to d2f.o(x$fpl$d2f) for __aeabi_d2f
    dealdata.o(.text) refers to fsc_stos.o(.text) for delay_ms
    dealdata.o(.text) refers to bsp_usart.o(.bss) for TXData
    dealdata.o(.text) refers to dealdata.o(.bss) for DealData_Rx
    dealdata.o(.text) refers to dealdata.o(.data) for GetIMUData_cnt
    dealdata.o(.text) refers to errordetect.o(.bss) for ImuData
    dealdata.o(.text) refers to encoder.o(.bss) for GetEncoder
    dealdata.o(.text) refers to kalman.o(.text) for Angle_Calcu1
    dealdata.o(.text) refers to dflt_clz.o(x$fpl$dflt) for __aeabi_i2d
    dealdata.o(.text) refers to ddiv.o(x$fpl$ddiv) for __aeabi_ddiv
    dealdata.o(.text) refers to dfix.o(x$fpl$dfix) for __aeabi_d2iz
    dealdata.o(.text) refers to control.o(.bss) for ThreeWheel
    dealdata.o(.text) refers to control.o(.text) for ThreeWheelSpeedSet
    dealdata.o(.text) refers to dleqf.o(x$fpl$dleqf) for __aeabi_cdcmple
    dealdata.o(.text) refers to daddsub_clz.o(x$fpl$dsub) for __aeabi_dsub
    dealdata.o(.text) refers to pow.o(i.pow) for pow
    dealdata.o(.text) refers to dflt_clz.o(x$fpl$dfltu) for __aeabi_ui2d
    encoder.o(.text) refers to fflt_clz.o(x$fpl$fflt) for __aeabi_i2f
    encoder.o(.text) refers to fdiv.o(x$fpl$fdiv) for __aeabi_fdiv
    encoder.o(.text) refers to ffix.o(x$fpl$ffix) for __aeabi_f2iz
    encoder.o(.text) refers to encoder.o(.bss) for GetEncoder
    encoder.o(.text) refers to control.o(.bss) for LeftWheel
    myiic.o(.text) refers to stm32f10x_rcc.o(.text) for RCC_APB2PeriphClockCmd
    myiic.o(.text) refers to stm32f10x_gpio.o(.text) for GPIO_Init
    gy85.o(.text) refers to myiic.o(.text) for I2C_GPIO_Config
    adc.o(.text) refers to stm32f10x_rcc.o(.text) for RCC_APB2PeriphClockCmd
    adc.o(.text) refers to stm32f10x_gpio.o(.text) for GPIO_Init
    adc.o(.text) refers to stm32f10x_adc.o(.text) for ADC_DeInit
    adc.o(.text) refers to fsc_stos.o(.text) for delay_ms
    adc.o(.text) refers to dflt_clz.o(x$fpl$dfltu) for __aeabi_ui2d
    adc.o(.text) refers to dmul.o(x$fpl$dmul) for __aeabi_dmul
    adc.o(.text) refers to ddiv.o(x$fpl$ddiv) for __aeabi_ddiv
    adc.o(.text) refers to dfixu.o(x$fpl$dfixu) for __aeabi_d2uiz
    adc.o(.text) refers to adc.o(.data) for temp_val
    adc.o(.text) refers to control.o(.bss) for AllWheel
    errordetect.o(.text) refers to bsp_usart.o(.text) for USART2_DMA_TX
    errordetect.o(.text) refers to control.o(.bss) for AllWheel
[...]
    TIM7_IRQHandler                          0x08005e4b   Thumb Code     0  startup_stm32f10x_hd.o(.text)
    TIM8_BRK_IRQHandler                      0x08005e4b   Thumb Code     0  startup_stm32f10x_hd.o(.text)
    TIM8_CC_IRQHandler                       0x08005e4b   Thumb Code     0  startup_stm32f10x_hd.o(.text)
    TIM8_TRG_COM_IRQHandler                  0x08005e4b   Thumb Code     0  startup_stm32f10x_hd.o(.text)
    TIM8_UP_IRQHandler                       0x08005e4b   Thumb Code     0  startup_stm32f10x_hd.o(.text)
    UART4_IRQHandler                         0x08005e4b   Thumb Code     0  startup_stm32f10x_hd.o(.text)
    UART5_IRQHandler                         0x08005e4b   Thumb Code     0  startup_stm32f10x_hd.o(.text)
    USART1_IRQHandler                        0x08005e4b   Thumb Code     0  startup_stm32f10x_hd.o(.text)
    USBWakeUp_IRQHandler                     0x08005e4b   Thumb Code     0  startup_stm32f10x_hd.o(.text)
    USB_HP_CAN1_TX_IRQHandler                0x08005e4b   Thumb Code     0  startup_stm32f10x_hd.o(.text)
    USB_LP_CAN1_RX0_IRQHandler               0x08005e4b   Thumb Code     0  startup_stm32f10x_hd.o(.text)
    WWDG_IRQHandler                          0x08005e4b   Thumb Code     0  startup_stm32f10x_hd.o(.text)
    __user_initial_stackheap                 0x08005e4d   Thumb Code     0  startup_stm32f10x_hd.o(.text)
    NVIC_PriorityGroupConfig                 0x08005e71   Thumb Code    10  misc.o(.text)
    NVIC_Init                                0x08005e7b   Thumb Code   100  misc.o(.text)
    NVIC_SetVectorTable                      0x08005edf   Thumb Code    14  misc.o(.text)
    NVIC_SystemLPConfig                      0x08005eed   Thumb Code    34  misc.o(.text)
    SysTick_CLKSourceConfig                  0x08005f0f   Thumb Code    40  misc.o(.text)
    GPIO_DeInit                              0x08005f4d   Thumb Code   172  stm32f10x_gpio.o(.text)
    GPIO_AFIODeInit                          0x08005ff9   Thumb Code    20  stm32f10x_gpio.o(.text)
    GPIO_Init                                0x0800600d   Thumb Code   278  stm32f10x_gpio.o(.text)
    GPIO_StructInit                          0x08006123   Thumb Code    16  stm32f10x_gpio.o(.text)
    GPIO_ReadInputDataBit                    0x08006133   Thumb Code    18  stm32f10x_gpio.o(.text)
    GPIO_ReadInputData                       0x08006145   Thumb Code     8  stm32f10x_gpio.o(.text)
    GPIO_ReadOutputDataBit                   0x0800614d   Thumb Code    18  stm32f10x_gpio.o(.text)
    GPIO_ReadOutputData                      0x0800615f   Thumb Code     8  stm32f10x_gpio.o(.text)
    GPIO_SetBits                             0x08006167   Thumb Code     4  stm32f10x_gpio.o(.text)
    GPIO_ResetBits                           0x0800616b   Thumb Code     4  stm32f10x_gpio.o(.text)
    GPIO_WriteBit                            0x0800616f   Thumb Code    10  stm32f10x_gpio.o(.text)
    GPIO_Write                               0x08006179   Thumb Code     4  stm32f10x_gpio.o(.text)
    GPIO_PinLockConfig                       0x0800617d   Thumb Code    18  stm32f10x_gpio.o(.text)
    GPIO_EventOutputConfig                   0x0800618f   Thumb Code    26  stm32f10x_gpio.o(.text)
    GPIO_EventOutputCmd                      0x080061a9   Thumb Code     6  stm32f10x_gpio.o(.text)
    GPIO_PinRemapConfig                      0x080061af   Thumb Code   138  stm32f10x_gpio.o(.text)
    GPIO_EXTILineConfig                      0x08006239   Thumb Code    66  stm32f10x_gpio.o(.text)
    GPIO_ETH_MediaInterfaceConfig            0x0800627b   Thumb Code     8  stm32f10x_gpio.o(.text)
    RCC_DeInit                               0x080062a9   Thumb Code    64  stm32f10x_rcc.o(.text)
    RCC_HSEConfig                            0x080062e9   Thumb Code    70  stm32f10x_rcc.o(.text)
    RCC_GetFlagStatus                        0x0800632f   Thumb Code    56  stm32f10x_rcc.o(.text)
    RCC_WaitForHSEStartUp                    0x08006367   Thumb Code    56  stm32f10x_rcc.o(.text)
    RCC_AdjustHSICalibrationValue            0x0800639f   Thumb Code    20  stm32f10x_rcc.o(.text)
    RCC_HSICmd                               0x080063b3   Thumb Code     6  stm32f10x_rcc.o(.text)
    RCC_PLLConfig                            0x080063b9   Thumb Code    24  stm32f10x_rcc.o(.text)
    RCC_PLLCmd                               0x080063d1   Thumb Code     6  stm32f10x_rcc.o(.text)
    RCC_SYSCLKConfig                         0x080063d7   Thumb Code    18  stm32f10x_rcc.o(.text)
    RCC_GetSYSCLKSource                      0x080063e9   Thumb Code    10  stm32f10x_rcc.o(.text)
    RCC_HCLKConfig                           0x080063f3   Thumb Code    18  stm32f10x_rcc.o(.text)
    RCC_PCLK1Config                          0x08006405   Thumb Code    18  stm32f10x_rcc.o(.text)
    RCC_PCLK2Config                          0x08006417   Thumb Code    20  stm32f10x_rcc.o(.text)
    RCC_ITConfig                             0x0800642b   Thumb Code    26  stm32f10x_rcc.o(.text)
    RCC_USBCLKConfig                         0x08006445   Thumb Code     8  stm32f10x_rcc.o(.text)
    RCC_ADCCLKConfig                         0x0800644d   Thumb Code    18  stm32f10x_rcc.o(.text)
    RCC_LSEConfig                            0x0800645f   Thumb Code    50  stm32f10x_rcc.o(.text)
    RCC_LSICmd                               0x08006491   Thumb Code     6  stm32f10x_rcc.o(.text)
    RCC_RTCCLKConfig                         0x08006497   Thumb Code    12  stm32f10x_rcc.o(.text)
    RCC_RTCCLKCmd                            0x080064a3   Thumb Code     8  stm32f10x_rcc.o(.text)
    RCC_GetClocksFreq                        0x080064ab   Thumb Code   192  stm32f10x_rcc.o(.text)
    RCC_AHBPeriphClockCmd                    0x0800656b   Thumb Code    26  stm32f10x_rcc.o(.text)
    RCC_APB2PeriphClockCmd                   0x08006585   Thumb Code    26  stm32f10x_rcc.o(.text)
    RCC_APB1PeriphClockCmd                   0x0800659f   Thumb Code    26  stm32f10x_rcc.o(.text)
    RCC_APB2PeriphResetCmd                   0x080065b9   Thumb Code    26  stm32f10x_rcc.o(.text)
    RCC_APB1PeriphResetCmd                   0x080065d3   Thumb Code    26  stm32f10x_rcc.o(.text)
    RCC_BackupResetCmd                       0x080065ed   Thumb Code     8  stm32f10x_rcc.o(.text)
    RCC_ClockSecuritySystemCmd               0x080065f5   Thumb Code     6  stm32f10x_rcc.o(.text)
    RCC_MCOConfig                            0x080065fb   Thumb Code     6  stm32f10x_rcc.o(.text)
    RCC_ClearFlag                            0x08006601   Thumb Code    14  stm32f10x_rcc.o(.text)
    RCC_GetITStatus                          0x0800660f   Thumb Code    20  stm32f10x_rcc.o(.text)
    RCC_ClearITPendingBit                    0x08006623   Thumb Code     6  stm32f10x_rcc.o(.text)
    USART_DeInit                             0x0800664d   Thumb Code   134  stm32f10x_usart.o(.text)
    USART_Init                               0x080066d3   Thumb Code   210  stm32f10x_usart.o(.text)
    USART_StructInit                         0x080067a5   Thumb Code    24  stm32f10x_usart.o(.text)
    USART_ClockInit                          0x080067bd   Thumb Code    34  stm32f10x_usart.o(.text)
    USART_ClockStructInit                    0x080067df   Thumb Code    12  stm32f10x_usart.o(.text)
    USART_Cmd                                0x080067eb   Thumb Code    24  stm32f10x_usart.o(.text)
    USART_ITConfig                           0x08006803   Thumb Code    74  stm32f10x_usart.o(.text)
    USART_DMACmd                             0x0800684d   Thumb Code    18  stm32f10x_usart.o(.text)
    USART_SetAddress                         0x0800685f   Thumb Code    18  stm32f10x_usart.o(.text)
    USART_WakeUpConfig                       0x08006871   Thumb Code    18  stm32f10x_usart.o(.text)
    USART_ReceiverWakeUpCmd                  0x08006883   Thumb Code    24  stm32f10x_usart.o(.text)
    USART_LINBreakDetectLengthConfig         0x0800689b   Thumb Code    18  stm32f10x_usart.o(.text)
    USART_LINCmd                             0x080068ad   Thumb Code    24  stm32f10x_usart.o(.text)
    USART_SendData                           0x080068c5   Thumb Code     8  stm32f10x_usart.o(.text)
    USART_ReceiveData                        0x080068cd   Thumb Code    10  stm32f10x_usart.o(.text)
    USART_SendBreak                          0x080068d7   Thumb Code    10  stm32f10x_usart.o(.text)
    USART_SetGuardTime                       0x080068e1   Thumb Code    16  stm32f10x_usart.o(.text)
    USART_SetPrescaler                       0x080068f1   Thumb Code    16  stm32f10x_usart.o(.text)
    USART_SmartCardCmd                       0x08006901   Thumb Code    24  stm32f10x_usart.o(.text)
    USART_SmartCardNACKCmd                   0x08006919   Thumb Code    24  stm32f10x_usart.o(.text)
    USART_HalfDuplexCmd                      0x08006931   Thumb Code    24  stm32f10x_usart.o(.text)
    USART_OverSampling8Cmd                   0x08006949   Thumb Code    22  stm32f10x_usart.o(.text)
    USART_OneBitMethodCmd                    0x0800695f   Thumb Code    24  stm32f10x_usart.o(.text)
    USART_IrDAConfig                         0x08006977   Thumb Code    18  stm32f10x_usart.o(.text)
    USART_IrDACmd                            0x08006989   Thumb Code    24  stm32f10x_usart.o(.text)
    USART_GetFlagStatus                      0x080069a1   Thumb Code    26  stm32f10x_usart.o(.text)
    USART_ClearFlag                          0x080069bb   Thumb Code    18  stm32f10x_usart.o(.text)
    USART_GetITStatus                        0x080069cd   Thumb Code    84  stm32f10x_usart.o(.text)
    USART_ClearITPendingBit                  0x08006a21   Thumb Code    52  stm32f10x_usart.o(.text)
    TIM_DeInit                               0x08006a55   Thumb Code   424  stm32f10x_tim.o(.text)
    TIM_TimeBaseInit                         0x08006bfd   Thumb Code   122  stm32f10x_tim.o(.text)
    TIM_OC1Init                              0x08006c77   Thumb Code   132  stm32f10x_tim.o(.text)
    TIM_OC2Init                              0x08006cfb   Thumb Code   154  stm32f10x_tim.o(.text)
    TIM_OC3Init                              0x08006d95   Thumb Code   150  stm32f10x_tim.o(.text)
    TIM_OC4Init                              0x08006e2b   Thumb Code   182  stm32f10x_tim.o(.text)
    TIM_SetIC4Prescaler                      0x08006ee1   Thumb Code    26  stm32f10x_tim.o(.text)
    TIM_SetIC3Prescaler                      0x08006f7d   Thumb Code    18  stm32f10x_tim.o(.text)
    TIM_SetIC2Prescaler                      0x08007009   Thumb Code    26  stm32f10x_tim.o(.text)
    TIM_SetIC1Prescaler                      0x080070a5   Thumb Code    18  stm32f10x_tim.o(.text)
    TIM_ICInit                               0x08007123   Thumb Code   150  stm32f10x_tim.o(.text)
    TIM_PWMIConfig                           0x080071b9   Thumb Code   124  stm32f10x_tim.o(.text)
    TIM_BDTRConfig                           0x08007235   Thumb Code    32  stm32f10x_tim.o(.text)
    TIM_TimeBaseStructInit                   0x08007255   Thumb Code    18  stm32f10x_tim.o(.text)
    TIM_OCStructInit                         0x08007267   Thumb Code    20  stm32f10x_tim.o(.text)
    TIM_ICStructInit                         0x0800727b   Thumb Code    18  stm32f10x_tim.o(.text)
    TIM_BDTRStructInit                       0x0800728d   Thumb Code    40  stm32f10x_tim.o(.text)
    TIM_Cmd                                  0x080072b5   Thumb Code    24  stm32f10x_tim.o(.text)
    TIM_CtrlPWMOutputs                       0x080072cd   Thumb Code    30  stm32f10x_tim.o(.text)
    TIM_ITConfig                             0x080072eb   Thumb Code    18  stm32f10x_tim.o(.text)
    TIM_GenerateEvent                        0x080072fd   Thumb Code     4  stm32f10x_tim.o(.text)
    TIM_DMAConfig                            0x08007301   Thumb Code    10  stm32f10x_tim.o(.text)
    TIM_DMACmd                               0x0800730b   Thumb Code    18  stm32f10x_tim.o(.text)
    TIM_InternalClockConfig                  0x0800731d   Thumb Code    12  stm32f10x_tim.o(.text)
    TIM_SelectInputTrigger                   0x08007329   Thumb Code    18  stm32f10x_tim.o(.text)
    TIM_ITRxExternalClockConfig              0x0800733b   Thumb Code    24  stm32f10x_tim.o(.text)
    TIM_TIxExternalClockConfig               0x08007353   Thumb Code    62  stm32f10x_tim.o(.text)
    TIM_ETRConfig                            0x08007391   Thumb Code    28  stm32f10x_tim.o(.text)
    TIM_ETRClockMode1Config                  0x080073ad   Thumb Code    54  stm32f10x_tim.o(.text)
    TIM_ETRClockMode2Config                  0x080073e3   Thumb Code    32  stm32f10x_tim.o(.text)
    TIM_PrescalerConfig                      0x08007403   Thumb Code     6  stm32f10x_tim.o(.text)
    TIM_CounterModeConfig                    0x08007409   Thumb Code    18  stm32f10x_tim.o(.text)
    TIM_EncoderInterfaceConfig               0x0800741b   Thumb Code    66  stm32f10x_tim.o(.text)
    TIM_ForcedOC1Config                      0x0800745d   Thumb Code    18  stm32f10x_tim.o(.text)
    TIM_ForcedOC2Config                      0x0800746f   Thumb Code    26  stm32f10x_tim.o(.text)
    TIM_ForcedOC3Config                      0x08007489   Thumb Code    18  stm32f10x_tim.o(.text)
    TIM_ForcedOC4Config                      0x0800749b   Thumb Code    26  stm32f10x_tim.o(.text)
    TIM_ARRPreloadConfig                     0x080074b5   Thumb Code    24  stm32f10x_tim.o(.text)
    TIM_SelectCOM                            0x080074cd   Thumb Code    24  stm32f10x_tim.o(.text)
    TIM_SelectCCDMA                          0x080074e5   Thumb Code    24  stm32f10x_tim.o(.text)
    TIM_CCPreloadControl                     0x080074fd   Thumb Code    24  stm32f10x_tim.o(.text)
    TIM_OC1PreloadConfig                     0x08007515   Thumb Code    18  stm32f10x_tim.o(.text)
    TIM_OC2PreloadConfig                     0x08007527   Thumb Code    26  stm32f10x_tim.o(.text)
    TIM_OC3PreloadConfig                     0x08007541   Thumb Code    18  stm32f10x_tim.o(.text)
    TIM_OC4PreloadConfig                     0x08007553   Thumb Code    26  stm32f10x_tim.o(.text)
    TIM_OC1FastConfig                        0x0800756d   Thumb Code    18  stm32f10x_tim.o(.text)
    TIM_OC2FastConfig                        0x0800757f   Thumb Code    26  stm32f10x_tim.o(.text)
    TIM_OC3FastConfig                        0x08007599   Thumb Code    18  stm32f10x_tim.o(.text)
    TIM_OC4FastConfig                        0x080075ab   Thumb Code    26  stm32f10x_tim.o(.text)
    TIM_ClearOC1Ref                          0x080075c5   Thumb Code    18  stm32f10x_tim.o(.text)
    TIM_ClearOC2Ref                          0x080075d7   Thumb Code    24  stm32f10x_tim.o(.text)
    TIM_ClearOC3Ref                          0x080075ef   Thumb Code    18  stm32f10x_tim.o(.text)
    TIM_ClearOC4Ref                          0x08007601   Thumb Code    24  stm32f10x_tim.o(.text)
    TIM_OC1PolarityConfig                    0x08007619   Thumb Code    18  stm32f10x_tim.o(.text)
    TIM_OC1NPolarityConfig                   0x0800762b   Thumb Code    18  stm32f10x_tim.o(.text)
    TIM_OC2PolarityConfig                    0x0800763d   Thumb Code    26  stm32f10x_tim.o(.text)
    TIM_OC2NPolarityConfig                   0x08007657   Thumb Code    26  stm32f10x_tim.o(.text)
    TIM_OC3PolarityConfig                    0x08007671   Thumb Code    26  stm32f10x_tim.o(.text)
    TIM_OC3NPolarityConfig                   0x0800768b   Thumb Code    26  stm32f10x_tim.o(.text)
    TIM_OC4PolarityConfig                    0x080076a5   Thumb Code    26  stm32f10x_tim.o(.text)
    TIM_CCxCmd                               0x080076bf   Thumb Code    30  stm32f10x_tim.o(.text)
    TIM_CCxNCmd                              0x080076dd   Thumb Code    30  stm32f10x_tim.o(.text)
    TIM_SelectOCxM                           0x080076fb   Thumb Code    82  stm32f10x_tim.o(.text)
    TIM_UpdateDisableConfig                  0x0800774d   Thumb Code    24  stm32f10x_tim.o(.text)
    TIM_UpdateRequestConfig                  0x08007765   Thumb Code    24  stm32f10x_tim.o(.text)
    TIM_SelectHallSensor                     0x0800777d   Thumb Code    24  stm32f10x_tim.o(.text)
    TIM_SelectOnePulseMode                   0x08007795   Thumb Code    18  stm32f10x_tim.o(.text)
    TIM_SelectOutputTrigger                  0x080077a7   Thumb Code    18  stm32f10x_tim.o(.text)
    TIM_SelectSlaveMode                      0x080077b9   Thumb Code    18  stm32f10x_tim.o(.text)
    TIM_SelectMasterSlaveMode                0x080077cb   Thumb Code    18  stm32f10x_tim.o(.text)
    TIM_SetCounter                           0x080077dd   Thumb Code     4  stm32f10x_tim.o(.text)
    TIM_SetAutoreload                        0x080077e1   Thumb Code     4  stm32f10x_tim.o(.text)
    TIM_SetCompare1                          0x080077e5   Thumb Code     4  stm32f10x_tim.o(.text)
    TIM_SetCompare2                          0x080077e9   Thumb Code     4  stm32f10x_tim.o(.text)
    TIM_SetCompare3                          0x080077ed   Thumb Code     4  stm32f10x_tim.o(.text)
    TIM_SetCompare4                          0x080077f1   Thumb Code     6  stm32f10x_tim.o(.text)
    TIM_SetClockDivision                     0x080077f7   Thumb Code    18  stm32f10x_tim.o(.text)
    TIM_GetCapture1                          0x08007809   Thumb Code     6  stm32f10x_tim.o(.text)
    TIM_GetCapture2                          0x0800780f   Thumb Code     6  stm32f10x_tim.o(.text)
    TIM_GetCapture3                          0x08007815   Thumb Code     6  stm32f10x_tim.o(.text)
    TIM_GetCapture4                          0x0800781b   Thumb Code     8  stm32f10x_tim.o(.text)
    TIM_GetCounter                           0x08007823   Thumb Code     6  stm32f10x_tim.o(.text)
    TIM_GetPrescaler                         0x08007829   Thumb Code     6  stm32f10x_tim.o(.text)
    TIM_GetFlagStatus                        0x0800782f   Thumb Code    18  stm32f10x_tim.o(.text)
    TIM_ClearFlag                            0x08007841   Thumb Code     6  stm32f10x_tim.o(.text)
    TIM_GetITStatus                          0x08007847   Thumb Code    34  stm32f10x_tim.o(.text)
    TIM_ClearITPendingBit                    0x08007869   Thumb Code     6  stm32f10x_tim.o(.text)
    ADC_DeInit                               0x08007871   Thumb Code    78  stm32f10x_adc.o(.text)
    ADC_Init                                 0x080078bf   Thumb Code    70  stm32f10x_adc.o(.text)
    ADC_StructInit                           0x08007905   Thumb Code    18  stm32f10x_adc.o(.text)
    ADC_Cmd                                  0x08007917   Thumb Code    22  stm32f10x_adc.o(.text)
    ADC_DMACmd                               0x0800792d   Thumb Code    22  stm32f10x_adc.o(.text)
    ADC_ITConfig                             0x08007943   Thumb Code    24  stm32f10x_adc.o(.text)
    ADC_ResetCalibration                     0x0800795b   Thumb Code    10  stm32f10x_adc.o(.text)
    ADC_GetResetCalibrationStatus            0x08007965   Thumb Code    20  stm32f10x_adc.o(.text)
    ADC_StartCalibration                     0x08007979   Thumb Code    10  stm32f10x_adc.o(.text)
    ADC_GetCalibrationStatus                 0x08007983   Thumb Code    20  stm32f10x_adc.o(.text)
    ADC_SoftwareStartConvCmd                 0x08007997   Thumb Code    22  stm32f10x_adc.o(.text)
    ADC_GetSoftwareStartConvStatus           0x080079ad   Thumb Code    20  stm32f10x_adc.o(.text)
    ADC_DiscModeChannelCountConfig           0x080079c1   Thumb Code    24  stm32f10x_adc.o(.text)
    ADC_DiscModeCmd                          0x080079d9   Thumb Code    22  stm32f10x_adc.o(.text)
    ADC_RegularChannelConfig                 0x080079ef   Thumb Code   184  stm32f10x_adc.o(.text)
    ADC_ExternalTrigConvCmd                  0x08007aa7   Thumb Code    22  stm32f10x_adc.o(.text)
    ADC_GetConversionValue                   0x08007abd   Thumb Code     8  stm32f10x_adc.o(.text)
    ADC_GetDualModeConversionValue           0x08007ac5   Thumb Code     8  stm32f10x_adc.o(.text)
    ADC_AutoInjectedConvCmd                  0x08007acd   Thumb Code    22  stm32f10x_adc.o(.text)
    ADC_InjectedDiscModeCmd                  0x08007ae3   Thumb Code    22  stm32f10x_adc.o(.text)
    ADC_ExternalTrigInjectedConvConfig       0x08007af9   Thumb Code    16  stm32f10x_adc.o(.text)
    ADC_ExternalTrigInjectedConvCmd          0x08007b09   Thumb Code    22  stm32f10x_adc.o(.text)
    ADC_SoftwareStartInjectedConvCmd         0x08007b1f   Thumb Code    22  stm32f10x_adc.o(.text)
    ADC_GetSoftwareStartInjectedConvCmdStatus 0x08007b35   Thumb Code    20  stm32f10x_adc.o(.text)
    ADC_InjectedChannelConfig                0x08007b49   Thumb Code   130  stm32f10x_adc.o(.text)
    ADC_InjectedSequencerLengthConfig        0x08007bcb   Thumb Code    24  stm32f10x_adc.o(.text)
    ADC_SetInjectedOffset                    0x08007be3   Thumb Code    20  stm32f10x_adc.o(.text)
    ADC_GetInjectedConversionValue           0x08007bf7   Thumb Code    28  stm32f10x_adc.o(.text)
    ADC_AnalogWatchdogCmd                    0x08007c13   Thumb Code    16  stm32f10x_adc.o(.text)
    ADC_AnalogWatchdogThresholdsConfig       0x08007c23   Thumb Code     6  stm32f10x_adc.o(.text)
    ADC_AnalogWatchdogSingleChannelConfig    0x08007c29   Thumb Code    16  stm32f10x_adc.o(.text)
    ADC_TempSensorVrefintCmd                 0x08007c39   Thumb Code    64  stm32f10x_adc.o(.text)
    ADC_GetFlagStatus                        0x08007c79   Thumb Code    18  stm32f10x_adc.o(.text)
    ADC_ClearFlag                            0x08007c8b   Thumb Code     6  stm32f10x_adc.o(.text)
    ADC_GetITStatus                          0x08007c91   Thumb Code    36  stm32f10x_adc.o(.text)
    ADC_ClearITPendingBit                    0x08007cb5   Thumb Code    10  stm32f10x_adc.o(.text)
    DMA_DeInit                               0x08007cc1   Thumb Code   324  stm32f10x_dma.o(.text)
    DMA_Init                                 0x08007e05   Thumb Code    60  stm32f10x_dma.o(.text)
    DMA_StructInit                           0x08007e41   Thumb Code    26  stm32f10x_dma.o(.text)
    DMA_Cmd                                  0x08007e5b   Thumb Code    24  stm32f10x_dma.o(.text)
    DMA_ITConfig                             0x08007e73   Thumb Code    18  stm32f10x_dma.o(.text)
    DMA_SetCurrDataCounter                   0x08007e85   Thumb Code     4  stm32f10x_dma.o(.text)
    DMA_GetCurrDataCounter                   0x08007e89   Thumb Code     8  stm32f10x_dma.o(.text)
    DMA_GetFlagStatus                        0x08007e91   Thumb Code    40  stm32f10x_dma.o(.text)
    DMA_ClearFlag                            0x08007eb9   Thumb Code    22  stm32f10x_dma.o(.text)
    DMA_GetITStatus                          0x08007ecf   Thumb Code    40  stm32f10x_dma.o(.text)
    DMA_ClearITPendingBit                    0x08007ef7   Thumb Code    22  stm32f10x_dma.o(.text)
    OSTaskStkInit                            0x08007f15   Thumb Code   156  fsc_stos.o(.text)
    SysTickInit                              0x08007fb1   Thumb Code    58  fsc_stos.o(.text)
    OS_delayMs                               0x08007feb   Thumb Code    50  fsc_stos.o(.text)
    OSSchedUnlock                            0x0800801d   Thumb Code    72  fsc_stos.o(.text)
    OSTaskStateSet                           0x08008065   Thumb Code   128  fsc_stos.o(.text)
    OSSchedLock                              0x080080e5   Thumb Code    44  fsc_stos.o(.text)
    OS_TaskManage                            0x08008111   Thumb Code   614  fsc_stos.o(.text)
    OSCreatTaskManage                        0x08008377   Thumb Code   342  fsc_stos.o(.text)
    OS_TaskIdle                              0x080084cd   Thumb Code     4  fsc_stos.o(.text)
    OS_CreatTaskIdle                         0x080084d1   Thumb Code    38  fsc_stos.o(.text)
    OSInit                                   0x080084f7   Thumb Code   264  fsc_stos.o(.text)
    OSTaskCreate                             0x080085ff   Thumb Code   160  fsc_stos.o(.text)
    SysTick_Handler                          0x0800869f   Thumb Code    20  fsc_stos.o(.text)
    OSTaskStateGet                           0x080086b3   Thumb Code    58  fsc_stos.o(.text)
    OSTaskSwitchBack                         0x080086ed   Thumb Code   100  fsc_stos.o(.text)
    OSTaskSwitch                             0x08008751   Thumb Code   114  fsc_stos.o(.text)
    OSIntEnter                               0x080087c3   Thumb Code    30  fsc_stos.o(.text)
    OSIntExit                                0x080087e1   Thumb Code    30  fsc_stos.o(.text)
    OSTaskSwISR                              0x080087ff   Thumb Code    20  fsc_stos.o(.text)
    OSFlagPost                               0x08008813   Thumb Code    10  fsc_stos.o(.text)
    OSFlagPend                               0x0800881d   Thumb Code    22  fsc_stos.o(.text)
    OSMutexPost                              0x08008833   Thumb Code    36  fsc_stos.o(.text)
    OSMutexPend                              0x08008857   Thumb Code    44  fsc_stos.o(.text)
    OSMboxPost                               0x08008883   Thumb Code    10  fsc_stos.o(.text)
    OSMboxPend                               0x0800888d   Thumb Code    80  fsc_stos.o(.text)
    GetOSSliceTime                           0x080088dd   Thumb Code     6  fsc_stos.o(.text)
    GetOSTimerVal                            0x080088e3   Thumb Code     8  fsc_stos.o(.text)
    delay_us                                 0x080088eb   Thumb Code   104  fsc_stos.o(.text)
    delay_ms                                 0x08008953   Thumb Code    44  fsc_stos.o(.text)
    Task6                                    0x08008991   Thumb Code    14  main_1.o(.text)
    Task5                                    0x0800899f   Thumb Code    14  main_1.o(.text)
    Task4                                    0x080089ad   Thumb Code   186  main_1.o(.text)
    Task3                                    0x08008a67   Thumb Code    30  main_1.o(.text)
    Task2                                    0x08008a85   Thumb Code    22  main_1.o(.text)
    Task1                                    0x08008a9b   Thumb Code    46  main_1.o(.text)
    main                                     0x08008ac9   Thumb Code   138  main_1.o(.text)
    OS_INT_OFF                               0x08008be9   Thumb Code     0  fsc_stos.o(.text)
    OS_INT_ON                                0x08008bed   Thumb Code     0  fsc_stos.o(.text)
    OSStart                                  0x08008bf1   Thumb Code     0  fsc_stos.o(.text)
    PendSV_Handler                           0x08008c0f   Thumb Code     0  fsc_stos.o(.text)
    OSCtxSw                                  0x08008cab   Thumb Code     0  fsc_stos.o(.text)
    __use_no_semihosting                     0x08008d19   Thumb Code     2  use_no_semi_2.o(.text)
    __c89vsnprintf                           0x08008d1d   Thumb Code    48  c89vsnprintf.o(.text)
    __2printf                                0x08008d51   Thumb Code    20  __2printf.o(.text)
    _printf_str                              0x08008d69   Thumb Code    82  _printf_str.o(.text)
    _printf_int_dec                          0x08008dbd   Thumb Code   104  _printf_dec.o(.text)
    __printf                                 0x08008e35   Thumb Code   388  __printf_flags_ss_wp.o(.text)
    strtok                                   0x08008fbd   Thumb Code     6  strtok.o(.text)
    __aeabi_memcpy                           0x08008fc9   Thumb Code     0  rt_memcpy_v6.o(.text)
    __rt_memcpy                              0x08008fc9   Thumb Code   138  rt_memcpy_v6.o(.text)
    _memcpy_lastbytes                        0x0800902f   Thumb Code     0  rt_memcpy_v6.o(.text)
    __aeabi_memclr4                          0x08009053   Thumb Code     0  rt_memclr_w.o(.text)
    __aeabi_memclr8                          0x08009053   Thumb Code     0  rt_memclr_w.o(.text)
    __rt_memclr_w                            0x08009053   Thumb Code    78  rt_memclr_w.o(.text)
    _memset_w                                0x08009057   Thumb Code     0  rt_memclr_w.o(.text)
    strcmp                                   0x080090a1   Thumb Code   128  strcmpv7m.o(.text)
    __use_two_region_memory                  0x08009121   Thumb Code     2  heapauxi.o(.text)
    __rt_heap_escrow$2region                 0x08009123   Thumb Code     2  heapauxi.o(.text)
    __rt_heap_expand$2region                 0x08009125   Thumb Code     2  heapauxi.o(.text)
    __I$use$semihosting                      0x08009127   Thumb Code     0  use_no_semi.o(.text)
    __use_no_semihosting_swi                 0x08009127   Thumb Code     2  use_no_semi.o(.text)
    __read_errno                             0x08009129   Thumb Code    10  _rserrno.o(.text)
    __set_errno                              0x08009133   Thumb Code    12  _rserrno.o(.text)
    _printf_pre_padding                      0x0800913f   Thumb Code    44  _printf_pad.o(.text)
    _printf_post_padding                     0x0800916b   Thumb Code    34  _printf_pad.o(.text)
    _printf_truncate_signed                  0x0800918d   Thumb Code    18  _printf_truncate.o(.text)
    _printf_truncate_unsigned                0x0800919f   Thumb Code    18  _printf_truncate.o(.text)
    _printf_int_common                       0x080091b1   Thumb Code   178  _printf_intcommon.o(.text)
    _printf_charcount                        0x08009263   Thumb Code    40  _printf_charcount.o(.text)
    __lib_sel_fp_printf                      0x0800928b   Thumb Code     2  _printf_fp_dec.o(.text)
    _printf_fp_dec_real                      0x08009439   Thumb Code   620  _printf_fp_dec.o(.text)
    _printf_char_common                      0x080096af   Thumb Code    32  _printf_char_common.o(.text)
    _sputc                                   0x080096d5   Thumb Code    10  _sputc.o(.text)
    _snputc                                  0x080096df   Thumb Code    16  _snputc.o(.text)
    _printf_cs_common                        0x080096ef   Thumb Code    20  _printf_char.o(.text)
    _printf_char                             0x08009703   Thumb Code    16  _printf_char.o(.text)
    _printf_string                           0x08009713   Thumb Code     8  _printf_char.o(.text)
    _printf_char_file                        0x0800971d   Thumb Code    32  _printf_char_file.o(.text)
    _printf_wctomb                           0x08009741   Thumb Code   182  _printf_wctomb.o(.text)
    _printf_longlong_dec                     0x080097fd   Thumb Code   108  _printf_longlong_dec.o(.text)
    _printf_longlong_oct                     0x08009879   Thumb Code    68  _printf_oct_int_ll.o(.text)
    _printf_int_oct                          0x080098bd   Thumb Code    24  _printf_oct_int_ll.o(.text)
    _printf_ll_oct                           0x080098d5   Thumb Code    12  _printf_oct_int_ll.o(.text)
    _printf_longlong_hex                     0x080098e9   Thumb Code    86  _printf_hex_int_ll_ptr.o(.text)
    _printf_int_hex                          0x0800993f   Thumb Code    28  _printf_hex_int_ll_ptr.o(.text)
    _printf_ll_hex                           0x0800995b   Thumb Code    12  _printf_hex_int_ll_ptr.o(.text)
    _printf_hex_ptr                          0x08009967   Thumb Code    18  _printf_hex_int_ll_ptr.o(.text)
    __strtok_internal                        0x0800997d   Thumb Code    64  strtok_int.o(.text)
    __aeabi_memcpy4                          0x080099c1   Thumb Code     0  rt_memcpy_w.o(.text)
    __aeabi_memcpy8                          0x080099c1   Thumb Code     0  rt_memcpy_w.o(.text)
    __rt_memcpy_w                            0x080099c1   Thumb Code   100  rt_memcpy_w.o(.text)
    _memcpy_lastbytes_aligned                0x08009a09   Thumb Code     0  rt_memcpy_w.o(.text)
    __rt_locale                              0x08009a25   Thumb Code     8  rt_locale_intlibspace.o(.text)
    __aeabi_errno_addr                       0x08009a2d   Thumb Code     8  rt_errno_addr_intlibspace.o(.text)
    __errno$intlibspace                      0x08009a2d   Thumb Code     0  rt_errno_addr_intlibspace.o(.text)
    __rt_errno_addr$intlibspace              0x08009a2d   Thumb Code     0  rt_errno_addr_intlibspace.o(.text)
    _ll_udiv10                               0x08009a35   Thumb Code   138  lludiv10.o(.text)
    _printf_fp_infnan                        0x08009ac1   Thumb Code   112  _printf_fp_infnan.o(.text)
    _printf_lcs_common                       0x08009b41   Thumb Code    20  _printf_wchar.o(.text)
    _printf_wchar                            0x08009b55   Thumb Code    16  _printf_wchar.o(.text)
    _printf_wstring                          0x08009b65   Thumb Code     8  _printf_wchar.o(.text)
    _btod_etento                             0x08009b6d   Thumb Code   216  bigflt0.o(.text)
    ferror                                   0x08009c49   Thumb Code     8  ferror.o(.text)
    _wcrtomb                                 0x08009c51   Thumb Code    64  _wcrtomb.o(.text)
    strcspn                                  0x08009c91   Thumb Code    32  strcspn.o(.text)
    strspn                                   0x08009cb1   Thumb Code    28  strspn.o(.text)
    __user_libspace                          0x08009ccd   Thumb Code     8  libspace.o(.text)
    __user_perproc_libspace                  0x08009ccd   Thumb Code     0  libspace.o(.text)
    __user_perthread_libspace                0x08009ccd   Thumb Code     0  libspace.o(.text)
    __user_setup_stackheap                   0x08009cd5   Thumb Code    74  sys_stackheap_outer.o(.text)
    __rt_ctype_table                         0x08009d21   Thumb Code    16  rt_ctype_table.o(.text)
    exit                                     0x08009d31   Thumb Code    12  exit.o(.text)
    _btod_d2e                                0x08009d3d   Thumb Code    62  btod.o(CL$$btod_d2e)
    _d2e_denorm_low                          0x08009d7b   Thumb Code    70  btod.o(CL$$btod_d2e_denorm_low)
    _d2e_norm_op1                            0x08009dc1   Thumb Code    96  btod.o(CL$$btod_d2e_norm_op1)
    __btod_div_common                        0x08009e21   Thumb Code   696  btod.o(CL$$btod_div_common)
    _e2e                                     0x0800a159   Thumb Code   198  btod.o(CL$$btod_e2e)
    _btod_ediv                               0x0800a21f   Thumb Code    40  btod.o(CL$$btod_ediv)
    _btod_emul                               0x0800a247   Thumb Code    40  btod.o(CL$$btod_emul)
    __btod_mult_common                       0x0800a26f   Thumb Code   580  btod.o(CL$$btod_mult_common)
    OSCoreSW                                 0x0800a4b5   Thumb Code   456  fsc_stos_a.o(i.OSCoreSW)
    __ARM_fpclassify                         0x0800a691   Thumb Code    40  fpclassify.o(i.__ARM_fpclassify)
    __ieee754_rem_pio2                       0x0800a6b9   Thumb Code   828  rred.o(i.__ieee754_rem_pio2)
    __kernel_cos                             0x0800aa41   Thumb Code   230  cos_i.o(i.__kernel_cos)
    __kernel_poly                            0x0800ab3d   Thumb Code   170  poly.o(i.__kernel_poly)
    __kernel_sin                             0x0800abe9   Thumb Code   224  sin_i.o(i.__kernel_sin)
    __mathlib_dbl_divzero                    0x0800acd5   Thumb Code    12  dunder.o(i.__mathlib_dbl_divzero)
    __mathlib_dbl_infnan                     0x0800ace5   Thumb Code     6  dunder.o(i.__mathlib_dbl_infnan)
    __mathlib_dbl_infnan2                    0x0800aceb   Thumb Code     4  dunder.o(i.__mathlib_dbl_infnan2)
    __mathlib_dbl_invalid                    0x0800acef   Thumb Code    12  dunder.o(i.__mathlib_dbl_invalid)
    __mathlib_dbl_overflow                   0x0800acfb   Thumb Code    14  dunder.o(i.__mathlib_dbl_overflow)
    __mathlib_dbl_underflow                  0x0800ad09   Thumb Code    10  dunder.o(i.__mathlib_dbl_underflow)
    _is_digit                                0x0800ad19   Thumb Code    14  __printf_wp.o(i._is_digit)
    atan                                     0x0800ad29   Thumb Code   474  atan.o(i.atan)
    atan2                                    0x0800af49   Thumb Code   346  atan2.o(i.atan2)
    cos                                      0x0800b0c9   Thumb Code   148  cos.o(i.cos)
    pow                                      0x0800b165   Thumb Code  2478  pow.o(i.pow)
    sin                                      0x0800bb1d   Thumb Code   150  sin.o(i.sin)
    sqrt                                     0x0800bbbd   Thumb Code    76  sqrt.o(i.sqrt)
    _get_lc_numeric                          0x0800bc09   Thumb Code    44  lc_numeric_c.o(locale$$code)
    _get_lc_ctype                            0x0800bc35   Thumb Code    44  lc_ctype_c.o(locale$$code)
    __aeabi_d2f                              0x0800bc61   Thumb Code     0  d2f.o(x$fpl$d2f)
    _d2f                                     0x0800bc61   Thumb Code    98  d2f.o(x$fpl$d2f)
    __aeabi_dadd                             0x0800bcc5   Thumb Code     0  daddsub_clz.o(x$fpl$dadd)
    _dadd                                    0x0800bcc5   Thumb Code   332  daddsub_clz.o(x$fpl$dadd)
    __fpl_dcheck_NaN1                        0x0800be15   Thumb Code    10  dcheck1.o(x$fpl$dcheck1)
    __fpl_dcmp_Inf                           0x0800be25   Thumb Code    24  dcmpi.o(x$fpl$dcmpinf)
    __aeabi_ddiv                             0x0800be3d   Thumb Code     0  ddiv.o(x$fpl$ddiv)
    _ddiv                                    0x0800be3d   Thumb Code   552  ddiv.o(x$fpl$ddiv)
    __aeabi_d2iz                             0x0800c0ed   Thumb Code     0  dfix.o(x$fpl$dfix)
    _dfix                                    0x0800c0ed   Thumb Code    94  dfix.o(x$fpl$dfix)
    __aeabi_d2uiz                            0x0800c14d   Thumb Code     0  dfixu.o(x$fpl$dfixu)
    _dfixu                                   0x0800c14d   Thumb Code    90  dfixu.o(x$fpl$dfixu)
    __aeabi_i2d                              0x0800c1a7   Thumb Code     0  dflt_clz.o(x$fpl$dflt)
    _dflt                                    0x0800c1a7   Thumb Code    46  dflt_clz.o(x$fpl$dflt)
    __aeabi_ui2d                             0x0800c1d5   Thumb Code     0  dflt_clz.o(x$fpl$dfltu)
    _dfltu                                   0x0800c1d5   Thumb Code    38  dflt_clz.o(x$fpl$dfltu)
    __aeabi_cdcmple                          0x0800c1fd   Thumb Code     0  dleqf.o(x$fpl$dleqf)
    _dcmple                                  0x0800c1fd   Thumb Code   120  dleqf.o(x$fpl$dleqf)
    __fpl_dcmple_InfNaN                      0x0800c25f   Thumb Code     0  dleqf.o(x$fpl$dleqf)
    __aeabi_dmul                             0x0800c275   Thumb Code     0  dmul.o(x$fpl$dmul)
    _dmul                                    0x0800c275   Thumb Code   332  dmul.o(x$fpl$dmul)
    __fpl_dnaninf                            0x0800c3c9   Thumb Code   156  dnaninf.o(x$fpl$dnaninf)
    __fpl_dretinf                            0x0800c465   Thumb Code    12  dretinf.o(x$fpl$dretinf)
    __aeabi_cdrcmple                         0x0800c471   Thumb Code     0  drleqf.o(x$fpl$drleqf)
    _drcmple                                 0x0800c471   Thumb Code   108  drleqf.o(x$fpl$drleqf)
    __aeabi_drsub                            0x0800c4dd   Thumb Code     0  daddsub_clz.o(x$fpl$drsb)
    _drsb                                    0x0800c4dd   Thumb Code    22  daddsub_clz.o(x$fpl$drsb)
    _dsqrt                                   0x0800c4f5   Thumb Code   456  dsqrt_noumaal.o(x$fpl$dsqrt)
    __aeabi_dsub                             0x0800c6c1   Thumb Code     0  daddsub_clz.o(x$fpl$dsub)
    _dsub                                    0x0800c6c1   Thumb Code   464  daddsub_clz.o(x$fpl$dsub)
    __aeabi_f2d                              0x0800c895   Thumb Code     0  f2d.o(x$fpl$f2d)
    _f2d                                     0x0800c895   Thumb Code    86  f2d.o(x$fpl$f2d)
    __aeabi_fadd                             0x0800c8ed   Thumb Code     0  faddsub_clz.o(x$fpl$fadd)
    _fadd                                    0x0800c8ed   Thumb Code   196  faddsub_clz.o(x$fpl$fadd)
    __fpl_fcmp_Inf                           0x0800c9b1   Thumb Code    24  fcmpi.o(x$fpl$fcmpinf)
    __aeabi_fdiv                             0x0800c9c9   Thumb Code     0  fdiv.o(x$fpl$fdiv)
    _fdiv                                    0x0800c9c9   Thumb Code   384  fdiv.o(x$fpl$fdiv)
    __aeabi_cfcmpeq                          0x0800cb4d   Thumb Code     0  feqf.o(x$fpl$feqf)
    _fcmpeq                                  0x0800cb4d   Thumb Code   104  feqf.o(x$fpl$feqf)
    __aeabi_f2iz                             0x0800cbb5   Thumb Code     0  ffix.o(x$fpl$ffix)
    _ffix                                    0x0800cbb5   Thumb Code    54  ffix.o(x$fpl$ffix)
    __aeabi_i2f                              0x0800cbed   Thumb Code     0  fflt_clz.o(x$fpl$fflt)
    _fflt                                    0x0800cbed   Thumb Code    48  fflt_clz.o(x$fpl$fflt)
    __aeabi_ui2f                             0x0800cc1d   Thumb Code     0  fflt_clz.o(x$fpl$ffltu)
    _ffltu                                   0x0800cc1d   Thumb Code    38  fflt_clz.o(x$fpl$ffltu)
    __aeabi_cfcmple                          0x0800cc45   Thumb Code     0  fleqf.o(x$fpl$fleqf)
    _fcmple                                  0x0800cc45   Thumb Code   104  fleqf.o(x$fpl$fleqf)
    __fpl_fcmple_InfNaN                      0x0800cc97   Thumb Code     0  fleqf.o(x$fpl$fleqf)
    __aeabi_fmul                             0x0800ccad   Thumb Code     0  fmul.o(x$fpl$fmul)
    _fmul                                    0x0800ccad   Thumb Code   258  fmul.o(x$fpl$fmul)
    __fpl_fnaninf                            0x0800cdaf   Thumb Code   140  fnaninf.o(x$fpl$fnaninf)
    __fpl_fretinf                            0x0800ce3b   Thumb Code    10  fretinf.o(x$fpl$fretinf)
    __aeabi_cfrcmple                         0x0800ce45   Thumb Code     0  frleqf.o(x$fpl$frleqf)
    _frcmple                                 0x0800ce45   Thumb Code    98  frleqf.o(x$fpl$frleqf)
    __aeabi_frsub                            0x0800cea7   Thumb Code     0  faddsub_clz.o(x$fpl$frsb)
    _frsb                                    0x0800cea7   Thumb Code    20  faddsub_clz.o(x$fpl$frsb)
    __aeabi_fsub                             0x0800cebd   Thumb Code     0  faddsub_clz.o(x$fpl$fsub)
    _fsub                                    0x0800cebd   Thumb Code   234  faddsub_clz.o(x$fpl$fsub)
    _printf_fp_dec                           0x0800cfa7   Thumb Code     4  printf1.o(x$fpl$printf1)
    __fpl_return_NaN                         0x0800cfab   Thumb Code   100  retnan.o(x$fpl$retnan)
    __ARM_scalbn                             0x0800d00f   Thumb Code    92  scalbn.o(x$fpl$scalbn)
    __fpl_cmpreturn                          0x0800d06b   Thumb Code    48  trapv.o(x$fpl$trapveneer)
    __I$use$fp                               0x0800d09a   Number         0  usenofp.o(x$fpl$usenofp)
    __mathlib_zero                           0x0800d230   Data           8  qnan.o(.constdata)
    Region$$Table$$Base                      0x0800d3bc   Number         0  anon$$obj.o(Region$$Table)
    Region$$Table$$Limit                     0x0800d3dc   Number         0  anon$$obj.o(Region$$Table)
    __ctype                                  0x0800d405   Data           0  lc_ctype_c.o(locale$$data)
    SystemCoreClock                          0x20000000   Data           4  system_stm32f10x.o(.data)
    AHBPrescTable                            0x20000004   Data          16  system_stm32f10x.o(.data)
    Time6_Cnt                                0x20000014   Data           4  timer.o(.data)
    Amplitude_PKP                            0x20000018   Data           4  control.o(.data)
    Amplitude_PKI                            0x2000001c   Data           4  control.o(.data)
    Amplitude_PKD                            0x20000020   Data           4  control.o(.data)
    Amplitude_VKP                            0x20000024   Data           4  control.o(.data)
    Amplitude_VKI                            0x20000028   Data           4  control.o(.data)
    Position_KP                              0x2000002c   Data           4  control.o(.data)
    Position_KI                              0x20000030   Data           4  control.o(.data)
    Position_KD                              0x20000034   Data           4  control.o(.data)
    PSBKey                                   0x20000068   Data           4  dealdata.o(.data)
    Accel_x                                  0x200000ac   Data           4  kalman.o(.data)
    Accel_y                                  0x200000b0   Data           4  kalman.o(.data)
    Accel_z                                  0x200000b4   Data           4  kalman.o(.data)
    Gyro_x                                   0x200000b8   Data           4  kalman.o(.data)
    Gyro_y                                   0x200000bc   Data           4  kalman.o(.data)
    Gyro_z                                   0x200000c0   Data           4  kalman.o(.data)
    Bmp_x                                    0x200000c4   Data           4  kalman.o(.data)
    Bmp_y                                    0x200000c8   Data           4  kalman.o(.data)
    Bmp_z                                    0x200000cc   Data           4  kalman.o(.data)
    Angle_x_temp                             0x200000d0   Data           4  kalman.o(.data)
    Angle_y_temp                             0x200000d4   Data           4  kalman.o(.data)
    Angle_z_temp                             0x200000d8   Data           4  kalman.o(.data)
    Angle_X_Final                            0x200000dc   Data           4  kalman.o(.data)
    Angle_Y_Final                            0x200000e0   Data           4  kalman.o(.data)
    Angle_Z_Final                            0x200000e4   Data           4  kalman.o(.data)
    Q_angle                                  0x200000e8   Data           4  kalman.o(.data)
    Q_gyro                                   0x200000ec   Data           4  kalman.o(.data)
    R_angle                                  0x200000f0   Data           4  kalman.o(.data)
    dt                                       0x200000f4   Data           4  kalman.o(.data)
    C_0                                      0x200000f8   Data           1  kalman.o(.data)
    Q_bias                                   0x200000fc   Data           4  kalman.o(.data)
    Angle_err                                0x20000100   Data           4  kalman.o(.data)
    PCt_0                                    0x20000104   Data           4  kalman.o(.data)
    PCt_1                                    0x20000108   Data           4  kalman.o(.data)
    E                                        0x2000010c   Data           4  kalman.o(.data)
    K_0                                      0x20000110   Data           4  kalman.o(.data)
    K_1                                      0x20000114   Data           4  kalman.o(.data)
    t_0                                      0x20000118   Data           4  kalman.o(.data)
    t_1                                      0x2000011c   Data           4  kalman.o(.data)
    PP                                       0x20000120   Data          16  kalman.o(.data)
    K2                                       0x20000130   Data           4  kalman.o(.data)
    x1                                       0x20000134   Data           4  kalman.o(.data)
    x2                                       0x20000138   Data           4  kalman.o(.data)
    y1                                       0x2000013c   Data           4  kalman.o(.data)
    angle2                                   0x20000140   Data           4  kalman.o(.data)
    ax                                       0x20000144   Data           2  kalman.o(.data)
    ay                                       0x20000146   Data           2  kalman.o(.data)
    az                                       0x20000148   Data           2  kalman.o(.data)
    gx                                       0x2000014a   Data           2  kalman.o(.data)
    gy                                       0x2000014c   Data           2  kalman.o(.data)
    gz                                       0x2000014e   Data           2  kalman.o(.data)
    aax                                      0x20000150   Data           4  kalman.o(.data)
    aay                                      0x20000154   Data           4  kalman.o(.data)
    aaz                                      0x20000158   Data           4  kalman.o(.data)
    ggx                                      0x2000015c   Data           4  kalman.o(.data)
    ggy                                      0x20000160   Data           4  kalman.o(.data)
    ggz                                      0x20000164   Data           4  kalman.o(.data)
    Ax                                       0x20000168   Data           4  kalman.o(.data)
    Ay                                       0x2000016c   Data           4  kalman.o(.data)
    Az                                       0x20000170   Data           4  kalman.o(.data)
    Gx                                       0x20000174   Data           4  kalman.o(.data)
    Gy                                       0x20000178   Data           4  kalman.o(.data)
    Gz                                       0x2000017c   Data           4  kalman.o(.data)
    Angle_accX                               0x20000180   Data           4  kalman.o(.data)
    Angle_accY                               0x20000184   Data           4  kalman.o(.data)
    Angle_accZ                               0x20000188   Data           4  kalman.o(.data)
    q0                                       0x2000018c   Data           4  kalman.o(.data)
    q1                                       0x20000190   Data           4  kalman.o(.data)
    q2                                       0x20000194   Data           4  kalman.o(.data)
    q3                                       0x20000198   Data           4  kalman.o(.data)
    exInt                                    0x2000019c   Data           4  kalman.o(.data)
    eyInt                                    0x200001a0   Data           4  kalman.o(.data)
    ezInt                                    0x200001a4   Data           4  kalman.o(.data)
    Yaw                                      0x200001a8   Data           4  kalman.o(.data)
    Pitch                                    0x200001ac   Data           4  kalman.o(.data)
    Roll                                     0x200001b0   Data           4  kalman.o(.data)
    __stdout                                 0x20000224   Data           4  bsp_usart.o(.data)
    Systick_priority                         0x2000023c   Data           4  fsc_stos.o(.data)
    Null                                     0x20000240   Data           4  fsc_stos.o(.data)
    MutexOSTaskNum                           0x20000244   Data           8  fsc_stos.o(.data)
    OSTCBRun                                 0x2000024c   Data           4  fsc_stos.o(.data)
    OSTCBCur                                 0x20000250   Data           4  fsc_stos.o(.data)
    OSTCBNext                                0x20000254   Data           4  fsc_stos.o(.data)
    cmd                                      0x20000258   Data           8  fsc_stos.o(.data)
    LeftWheel                                0x20000268   Data          20  control.o(.bss)
    RightWheel                               0x2000027c   Data          20  control.o(.bss)
    ThreeWheel                               0x20000290   Data          20  control.o(.bss)
    FourWheel                                0x200002a4   Data          20  control.o(.bss)
    AllWheel                                 0x200002b8   Data          20  control.o(.bss)
    LeftPID                                  0x200002cc   Data          28  control.o(.bss)
    RightPID                                 0x200002e8   Data          28  control.o(.bss)
    ThreePID                                 0x20000304   Data          28  control.o(.bss)
    FourPID                                  0x20000320   Data          28  control.o(.bss)
    DealData_Rx                              0x20000340   Data          12  dealdata.o(.bss)
    TempTxData                               0x2000034c   Data          30  dealdata.o(.bss)
    TempRxData                               0x2000036a   Data          30  dealdata.o(.bss)
    UWBData                                  0x20000388   Data          80  dealdata.o(.bss)
    GetEncoder                               0x200003d8   Data          52  encoder.o(.bss)
    ImuData                                  0x2000040c   Data          80  errordetect.o(.bss)
    Pdot                                     0x2000045c   Data          16  kalman.o(.bss)
    Queue                                    0x2000046c   Data         428  controlturn.o(.bss)
    TXData                                   0x200007a8   Data         100  bsp_usart.o(.bss)
    RXData                                   0x2000080c   Data         100  bsp_usart.o(.bss)
    USART3_Rx_Buff                           0x20000870   Data         200  bsp_usart.o(.bss)
    TASK_IDLE_STK                            0x20000a40   Data          64  fsc_stos.o(.bss)
    TASK_MANAGE_STK                          0x20000a80   Data         512  fsc_stos.o(.bss)
    OS_Sys                                   0x20000c80   Data          80  fsc_stos.o(.bss)
    OS_Perip                                 0x20000cd0   Data          33  fsc_stos.o(.bss)
    OS_System                                0x20000cf4   Data          20  fsc_stos.o(.bss)
    OSTCBTbl                                 0x20000d08   Data         832  fsc_stos.o(.bss)
    Task1_Stk                                0x20001048   Data         512  main_1.o(.bss)
    Task2_Stk                                0x20001248   Data         512  main_1.o(.bss)
    Task3_Stk                                0x20001448   Data         512  main_1.o(.bss)
    Task4_Stk                                0x20001648   Data         512  main_1.o(.bss)
    Task5_Stk                                0x20001848   Data         512  main_1.o(.bss)
    Task6_Stk                                0x20001a48   Data         512  main_1.o(.bss)
    __libspace_start                         0x20001c48   Data          96  libspace.o(.bss)
    __temporary_stack_top$libspace           0x20001ca8   Data           0  libspace.o(.bss)



==============================================================================

Memory Map of the image

  Image Entry point : 0x08000131

  Load Region LR_IROM1 (Base: 0x08000000, Size: 0x0000d770, Max: 0x00080000, ABSOLUTE, COMPRESSED[0x0000d568])

    Execution Region ER_IROM1 (Base: 0x08000000, Size: 0x0000d508, Max: 0x00080000, ABSOLUTE)

    Base Addr    Size         Type   Attr      Idx    E Section Name        Object

    0x08000000   0x00000130   Data   RO          421    RESET               startup_stm32f10x_hd.o
    0x08000130   0x00000008   Code   RO          720  * !!!main             c_w.l(__main.o)
    0x08000138   0x00000034   Code   RO         1189    !!!scatter          c_w.l(__scatter.o)
    0x0800016c   0x0000005a   Code   RO         1187    !!dczerorl2         c_w.l(__dczerorl2.o)
    0x080001c6   0x00000002   PAD
    0x080001c8   0x0000001c   Code   RO         1191    !!handler_zi        c_w.l(__scatter_zi.o)
    0x080001e4   0x00000000   Code   RO          708    .ARM.Collect$$_printf_percent$$00000000  c_w.l(_printf_percent.o)
    0x080001e4   0x00000006   Code   RO          896    .ARM.Collect$$_printf_percent$$00000001  c_w.l(_printf_n.o)
    0x080001ea   0x00000006   Code   RO          898    .ARM.Collect$$_printf_percent$$00000002  c_w.l(_printf_p.o)
    0x080001f0   0x00000006   Code   RO          707    .ARM.Collect$$_printf_percent$$00000003  c_w.l(_printf_f.o)
    0x080001f6   0x00000006   Code   RO          902    .ARM.Collect$$_printf_percent$$00000004  c_w.l(_printf_e.o)
    0x080001fc   0x00000006   Code   RO          903    .ARM.Collect$$_printf_percent$$00000005  c_w.l(_printf_g.o)
    0x08000202   0x00000006   Code   RO          904    .ARM.Collect$$_printf_percent$$00000006  c_w.l(_printf_a.o)
    0x08000208   0x0000000a   Code   RO          909    .ARM.Collect$$_printf_percent$$00000007  c_w.l(_printf_ll.o)
    0x08000212   0x00000006   Code   RO          900    .ARM.Collect$$_printf_percent$$00000008  c_w.l(_printf_i.o)
    0x08000218   0x00000006   Code   RO          706    .ARM.Collect$$_printf_percent$$00000009  c_w.l(_printf_d.o)
    0x0800021e   0x00000006   Code   RO          901    .ARM.Collect$$_printf_percent$$0000000A  c_w.l(_printf_u.o)
    0x08000224   0x00000006   Code   RO          899    .ARM.Collect$$_printf_percent$$0000000B  c_w.l(_printf_o.o)
    0x0800022a   0x00000006   Code   RO          897    .ARM.Collect$$_printf_percent$$0000000C  c_w.l(_printf_x.o)
    0x08000230   0x00000006   Code   RO          906    .ARM.Collect$$_printf_percent$$0000000D  c_w.l(_printf_lli.o)
    0x08000236   0x00000006   Code   RO          907    .ARM.Collect$$_printf_percent$$0000000E  c_w.l(_printf_lld.o)
    0x0800023c   0x00000006   Code   RO          908    .ARM.Collect$$_printf_percent$$0000000F  c_w.l(_printf_llu.o)
    0x08000242   0x00000006   Code   RO          913    .ARM.Collect$$_printf_percent$$00000010  c_w.l(_printf_llo.o)
    0x08000248   0x00000006   Code   RO          914    .ARM.Collect$$_printf_percent$$00000011  c_w.l(_printf_llx.o)
    0x0800024e   0x0000000a   Code   RO          910    .ARM.Collect$$_printf_percent$$00000012  c_w.l(_printf_l.o)
    0x08000258   0x00000006   Code   RO          895    .ARM.Collect$$_printf_percent$$00000013  c_w.l(_printf_c.o)
    0x0800025e   0x00000006   Code   RO          705    .ARM.Collect$$_printf_percent$$00000014  c_w.l(_printf_s.o)
    0x08000264   0x00000006   Code   RO          911    .ARM.Collect$$_printf_percent$$00000015  c_w.l(_printf_lc.o)
    0x0800026a   0x00000006   Code   RO          912    .ARM.Collect$$_printf_percent$$00000016  c_w.l(_printf_ls.o)
    0x08000270   0x00000004   Code   RO          905    .ARM.Collect$$_printf_percent$$00000017  c_w.l(_printf_percent_end.o)
    0x08000274   0x00000002   Code   RO         1058    .ARM.Collect$$libinit$$00000000  c_w.l(libinit.o)
    0x08000276   0x00000000   Code   RO         1060    .ARM.Collect$$libinit$$00000002  c_w.l(libinit2.o)
    0x08000276   0x00000000   Code   RO         1062    .ARM.Collect$$libinit$$00000004  c_w.l(libinit2.o)
    0x08000276   0x00000000   Code   RO         1065    .ARM.Collect$$libinit$$0000000A  c_w.l(libinit2.o)
    0x08000276   0x00000000   Code   RO         1067    .ARM.Collect$$libinit$$0000000C  c_w.l(libinit2.o)
    0x08000276   0x00000000   Code   RO         1069    .ARM.Collect$$libinit$$0000000E  c_w.l(libinit2.o)
    0x08000276   0x00000006   Code   RO         1070    .ARM.Collect$$libinit$$0000000F  c_w.l(libinit2.o)
    0x0800027c   0x00000000   Code   RO         1072    .ARM.Collect$$libinit$$00000011  c_w.l(libinit2.o)
    0x0800027c   0x0000000c   Code   RO         1073    .ARM.Collect$$libinit$$00000012  c_w.l(libinit2.o)
    0x08000288   0x00000000   Code   RO         1074    .ARM.Collect$$libinit$$00000013  c_w.l(libinit2.o)
    0x08000288   0x00000000   Code   RO         1076    .ARM.Collect$$libinit$$00000015  c_w.l(libinit2.o)
    0x08000288   0x0000000a   Code   RO         1077    .ARM.Collect$$libinit$$00000016  c_w.l(libinit2.o)
    0x08000292   0x00000000   Code   RO         1078    .ARM.Collect$$libinit$$00000017  c_w.l(libinit2.o)
    0x08000292   0x00000000   Code   RO         1080    .ARM.Collect$$libinit$$00000019  c_w.l(libinit2.o)
    0x08000292   0x00000000   Code   RO         1082    .ARM.Collect$$libinit$$0000001B  c_w.l(libinit2.o)
    0x08000292   0x00000000   Code   RO         1084    .ARM.Collect$$libinit$$0000001D  c_w.l(libinit2.o)
    0x08000292   0x00000000   Code   RO         1086    .ARM.Collect$$libinit$$0000001F  c_w.l(libinit2.o)
    0x08000292   0x00000000   Code   RO         1088    .ARM.Collect$$libinit$$00000021  c_w.l(libinit2.o)
    0x08000292   0x00000000   Code   RO         1090    .ARM.Collect$$libinit$$00000023  c_w.l(libinit2.o)
    0x08000292   0x00000000   Code   RO         1092    .ARM.Collect$$libinit$$00000025  c_w.l(libinit2.o)
    0x08000292   0x00000000   Code   RO         1096    .ARM.Collect$$libinit$$0000002C  c_w.l(libinit2.o)
    0x08000292   0x00000000   Code   RO         1098    .ARM.Collect$$libinit$$0000002E  c_w.l(libinit2.o)
    0x08000292   0x00000000   Code   RO         1100    .ARM.Collect$$libinit$$00000030  c_w.l(libinit2.o)
    0x08000292   0x00000000   Code   RO         1102    .ARM.Collect$$libinit$$00000032  c_w.l(libinit2.o)
    0x08000292   0x00000002   Code   RO         1103    .ARM.Collect$$libinit$$00000033  c_w.l(libinit2.o)
    0x08000294   0x00000002   Code   RO         1138    .ARM.Collect$$libshutdown$$00000000  c_w.l(libshutdown.o)
    0x08000296   0x00000000   Code   RO         1148    .ARM.Collect$$libshutdown$$00000003  c_w.l(libshutdown2.o)
    0x08000296   0x00000000   Code   RO         1151    .ARM.Collect$$libshutdown$$00000006  c_w.l(libshutdown2.o)
    0x08000296   0x00000000   Code   RO         1154    .ARM.Collect$$libshutdown$$00000009  c_w.l(libshutdown2.o)
    0x08000296   0x00000000   Code   RO         1156    .ARM.Collect$$libshutdown$$0000000B  c_w.l(libshutdown2.o)
    0x08000296   0x00000000   Code   RO         1159    .ARM.Collect$$libshutdown$$0000000E  c_w.l(libshutdown2.o)
    0x08000296   0x00000002   Code   RO         1160    .ARM.Collect$$libshutdown$$0000000F  c_w.l(libshutdown2.o)
    0x08000298   0x00000000   Code   RO          840    .ARM.Collect$$rtentry$$00000000  c_w.l(__rtentry.o)
    0x08000298   0x00000000   Code   RO          970    .ARM.Collect$$rtentry$$00000002  c_w.l(__rtentry2.o)
    0x08000298   0x00000006   Code   RO          982    .ARM.Collect$$rtentry$$00000004  c_w.l(__rtentry4.o)
    0x0800029e   0x00000000   Code   RO          972    .ARM.Collect$$rtentry$$00000009  c_w.l(__rtentry2.o)
    0x0800029e   0x00000004   Code   RO          973    .ARM.Collect$$rtentry$$0000000A  c_w.l(__rtentry2.o)
    0x080002a2   0x00000000   Code   RO          975    .ARM.Collect$$rtentry$$0000000C  c_w.l(__rtentry2.o)
    0x080002a2   0x00000008   Code   RO          976    .ARM.Collect$$rtentry$$0000000D  c_w.l(__rtentry2.o)
    0x080002aa   0x00000002   Code   RO         1106    .ARM.Collect$$rtexit$$00000000  c_w.l(rtexit.o)
    0x080002ac   0x00000000   Code   RO         1118    .ARM.Collect$$rtexit$$00000002  c_w.l(rtexit2.o)
    0x080002ac   0x00000004   Code   RO         1119    .ARM.Collect$$rtexit$$00000003  c_w.l(rtexit2.o)
    0x080002b0   0x00000006   Code   RO         1120    .ARM.Collect$$rtexit$$00000004  c_w.l(rtexit2.o)
    0x080002b6   0x00000016   Code   RO            1    .text               stm32f10x_it.o
    0x080002cc   0x000001e0   Code   RO           74    .text               system_stm32f10x.o
    0x080004ac   0x0000059c   Code   RO           92    .text               timer.o
    0x08000a48   0x00000b64   Code   RO          156    .text               control.o
    0x080015ac   0x0000111c   Code   RO          205    .text               dealdata.o
    0x080026c8   0x000003d0   Code   RO          237    .text               encoder.o
    0x08002a98   0x0000042e   Code   RO          255    .text               myiic.o
    0x08002ec6   0x000000d6   Code   RO          267    .text               gy85.o
    0x08002f9c   0x00000168   Code   RO          279    .text               adc.o
    0x08003104   0x00000428   Code   RO          299    .text               errordetect.o
    0x0800352c   0x000014bc   Code   RO          322    .text               kalman.o
    0x080049e8   0x00000f8c   Code   RO          348    .text               controlturn.o
    0x08005974   0x0000000c   Code   RO          367    .text               sys.o
    0x08005980   0x000004b0   Code   RO          379    .text               bsp_usart.o
    0x08005e30   0x00000040   Code   RO          422    .text               startup_stm32f10x_hd.o
    0x08005e70   0x000000dc   Code   RO          426    .text               misc.o
    0x08005f4c   0x0000035c   Code   RO          438    .text               stm32f10x_gpio.o
    0x080062a8   0x000003a4   Code   RO          450    .text               stm32f10x_rcc.o
    0x0800664c   0x00000408   Code   RO          464    .text               stm32f10x_usart.o
    0x08006a54   0x00000e1a   Code   RO          476    .text               stm32f10x_tim.o
    0x0800786e   0x00000002   PAD
    0x08007870   0x0000044e   Code   RO          488    .text               stm32f10x_adc.o
    0x08007cbe   0x00000002   PAD
    0x08007cc0   0x00000254   Code   RO          500    .text               stm32f10x_dma.o
    0x08007f14   0x00000a7c   Code   RO          512    .text               fsc_stos.o
    0x08008990   0x00000258   Code   RO          532    .text               main_1.o
    0x08008be8   0x00000130   Code   RO          554    .text               FSC_STOS.lib(fsc_stos.o)
    0x08008d18   0x00000002   Code   RO          671    .text               c_w.l(use_no_semi_2.o)
    0x08008d1a   0x00000002   PAD
    0x08008d1c   0x00000034   Code   RO          673    .text               c_w.l(c89vsnprintf.o)
    0x08008d50   0x00000018   Code   RO          675    .text               c_w.l(__2printf.o)
    0x08008d68   0x00000052   Code   RO          681    .text               c_w.l(_printf_str.o)
    0x08008dba   0x00000002   PAD
    0x08008dbc   0x00000078   Code   RO          683    .text               c_w.l(_printf_dec.o)
    0x08008e34   0x00000188   Code   RO          702    .text               c_w.l(__printf_flags_ss_wp.o)
    0x08008fbc   0x0000000c   Code   RO          709    .text               c_w.l(strtok.o)
    0x08008fc8   0x0000008a   Code   RO          712    .text               c_w.l(rt_memcpy_v6.o)
    0x08009052   0x0000004e   Code   RO          714    .text               c_w.l(rt_memclr_w.o)
    0x080090a0   0x00000080   Code   RO          716    .text               c_w.l(strcmpv7m.o)
    0x08009120   0x00000006   Code   RO          718    .text               c_w.l(heapauxi.o)
    0x08009126   0x00000002   Code   RO          838    .text               c_w.l(use_no_semi.o)
    0x08009128   0x00000016   Code   RO          841    .text               c_w.l(_rserrno.o)
    0x0800913e   0x0000004e   Code   RO          843    .text               c_w.l(_printf_pad.o)
    0x0800918c   0x00000024   Code   RO          845    .text               c_w.l(_printf_truncate.o)
    0x080091b0   0x000000b2   Code   RO          847    .text               c_w.l(_printf_intcommon.o)
    0x08009262   0x00000028   Code   RO          849    .text               c_w.l(_printf_charcount.o)
    0x0800928a   0x0000041a   Code   RO          851    .text               c_w.l(_printf_fp_dec.o)
    0x080096a4   0x00000030   Code   RO          853    .text               c_w.l(_printf_char_common.o)
    0x080096d4   0x0000000a   Code   RO          855    .text               c_w.l(_sputc.o)
    0x080096de   0x00000010   Code   RO          857    .text               c_w.l(_snputc.o)
    0x080096ee   0x0000002c   Code   RO          859    .text               c_w.l(_printf_char.o)
    0x0800971a   0x00000002   PAD
    0x0800971c   0x00000024   Code   RO          861    .text               c_w.l(_printf_char_file.o)
    0x08009740   0x000000bc   Code   RO          863    .text               c_w.l(_printf_wctomb.o)
    0x080097fc   0x0000007c   Code   RO          866    .text               c_w.l(_printf_longlong_dec.o)
    0x08009878   0x00000070   Code   RO          872    .text               c_w.l(_printf_oct_int_ll.o)
    0x080098e8   0x00000094   Code   RO          892    .text               c_w.l(_printf_hex_int_ll_ptr.o)
    0x0800997c   0x00000044   Code   RO          915    .text               c_w.l(strtok_int.o)
    0x080099c0   0x00000064   Code   RO          917    .text               c_w.l(rt_memcpy_w.o)
    0x08009a24   0x00000008   Code   RO          987    .text               c_w.l(rt_locale_intlibspace.o)
    0x08009a2c   0x00000008   Code   RO          992    .text               c_w.l(rt_errno_addr_intlibspace.o)
    0x08009a34   0x0000008a   Code   RO          994    .text               c_w.l(lludiv10.o)
    0x08009abe   0x00000002   PAD
    0x08009ac0   0x00000080   Code   RO          996    .text               c_w.l(_printf_fp_infnan.o)
    0x08009b40   0x0000002c   Code   RO         1000    .text               c_w.l(_printf_wchar.o)
    0x08009b6c   0x000000dc   Code   RO         1002    .text               c_w.l(bigflt0.o)
    0x08009c48   0x00000008   Code   RO         1027    .text               c_w.l(ferror.o)
    0x08009c50   0x00000040   Code   RO         1031    .text               c_w.l(_wcrtomb.o)
    0x08009c90   0x00000020   Code   RO         1036    .text               c_w.l(strcspn.o)
    0x08009cb0   0x0000001c   Code   RO         1038    .text               c_w.l(strspn.o)
    0x08009ccc   0x00000008   Code   RO         1044    .text               c_w.l(libspace.o)
    0x08009cd4   0x0000004a   Code   RO         1047    .text               c_w.l(sys_stackheap_outer.o)
    0x08009d1e   0x00000002   PAD
    0x08009d20   0x00000010   Code   RO         1049    .text               c_w.l(rt_ctype_table.o)
    0x08009d30   0x0000000c   Code   RO         1051    .text               c_w.l(exit.o)
    0x08009d3c   0x0000003e   Code   RO         1005    CL$$btod_d2e        c_w.l(btod.o)
    0x08009d7a   0x00000046   Code   RO         1007    CL$$btod_d2e_denorm_low  c_w.l(btod.o)
    0x08009dc0   0x00000060   Code   RO         1006    CL$$btod_d2e_norm_op1  c_w.l(btod.o)
    0x08009e20   0x00000338   Code   RO         1015    CL$$btod_div_common  c_w.l(btod.o)
    0x0800a158   0x000000c6   Code   RO         1012    CL$$btod_e2e        c_w.l(btod.o)
    0x0800a21e   0x00000028   Code   RO         1009    CL$$btod_ediv       c_w.l(btod.o)
    0x0800a246   0x00000028   Code   RO         1008    CL$$btod_emul       c_w.l(btod.o)
    0x0800a26e   0x00000244   Code   RO         1014    CL$$btod_mult_common  c_w.l(btod.o)
    0x0800a4b2   0x00000002   PAD
    0x0800a4b4   0x000001dc   Code   RO          557    i.OSCoreSW          FSC_STOS.lib(fsc_stos_a.o)
    0x0800a690   0x00000028   Code   RO          953    i.__ARM_fpclassify  m_ws.l(fpclassify.o)
    0x0800a6b8   0x00000388   Code   RO          958    i.__ieee754_rem_pio2  m_ws.l(rred.o)
    0x0800aa40   0x000000fc   Code   RO          936    i.__kernel_cos      m_ws.l(cos_i.o)
    0x0800ab3c   0x000000aa   Code   RO          955    i.__kernel_poly     m_ws.l(poly.o)
    0x0800abe6   0x00000002   PAD
    0x0800abe8   0x000000ec   Code   RO          963    i.__kernel_sin      m_ws.l(sin_i.o)
    0x0800acd4   0x00000010   Code   RO          939    i.__mathlib_dbl_divzero  m_ws.l(dunder.o)
    0x0800ace4   0x00000006   Code   RO          940    i.__mathlib_dbl_infnan  m_ws.l(dunder.o)
    0x0800acea   0x00000004   Code   RO          941    i.__mathlib_dbl_infnan2  m_ws.l(dunder.o)
    0x0800acee   0x0000000c   Code   RO          942    i.__mathlib_dbl_invalid  m_ws.l(dunder.o)
    0x0800acfa   0x0000000e   Code   RO          943    i.__mathlib_dbl_overflow  m_ws.l(dunder.o)
    0x0800ad08   0x00000010   Code   RO          945    i.__mathlib_dbl_underflow  m_ws.l(dunder.o)
    0x0800ad18   0x0000000e   Code   RO          695    i._is_digit         c_w.l(__printf_wp.o)
    0x0800ad26   0x00000002   PAD
    0x0800ad28   0x00000220   Code   RO          787    i.atan              m_ws.l(atan.o)
    0x0800af48   0x00000180   Code   RO          797    i.atan2             m_ws.l(atan2.o)
    0x0800b0c8   0x0000009c   Code   RO          805    i.cos               m_ws.l(cos.o)
    0x0800b164   0x000009b8   Code   RO          813    i.pow               m_ws.l(pow.o)
    0x0800bb1c   0x000000a0   Code   RO          823    i.sin               m_ws.l(sin.o)
    0x0800bbbc   0x0000004c   Code   RO          831    i.sqrt              m_ws.l(sqrt.o)
    0x0800bc08   0x0000002c   Code   RO         1034    locale$$code        c_w.l(lc_numeric_c.o)
    0x0800bc34   0x0000002c   Code   RO         1109    locale$$code        c_w.l(lc_ctype_c.o)
    0x0800bc60   0x00000062   Code   RO          722    x$fpl$d2f           fz_ws.l(d2f.o)
    0x0800bcc2   0x00000002   PAD
    0x0800bcc4   0x00000150   Code   RO          724    x$fpl$dadd          fz_ws.l(daddsub_clz.o)
    0x0800be14   0x00000010   Code   RO         1040    x$fpl$dcheck1       fz_ws.l(dcheck1.o)
    0x0800be24   0x00000018   Code   RO          919    x$fpl$dcmpinf       fz_ws.l(dcmpi.o)
    0x0800be3c   0x000002b0   Code   RO          731    x$fpl$ddiv          fz_ws.l(ddiv.o)
    0x0800c0ec   0x0000005e   Code   RO          734    x$fpl$dfix          fz_ws.l(dfix.o)
    0x0800c14a   0x00000002   PAD
    0x0800c14c   0x0000005a   Code   RO          738    x$fpl$dfixu         fz_ws.l(dfixu.o)
    0x0800c1a6   0x0000002e   Code   RO          743    x$fpl$dflt          fz_ws.l(dflt_clz.o)
    0x0800c1d4   0x00000026   Code   RO          742    x$fpl$dfltu         fz_ws.l(dflt_clz.o)
    0x0800c1fa   0x00000002   PAD
    0x0800c1fc   0x00000078   Code   RO          748    x$fpl$dleqf         fz_ws.l(dleqf.o)
    0x0800c274   0x00000154   Code   RO          750    x$fpl$dmul          fz_ws.l(dmul.o)
    0x0800c3c8   0x0000009c   Code   RO          921    x$fpl$dnaninf       fz_ws.l(dnaninf.o)
    0x0800c464   0x0000000c   Code   RO          923    x$fpl$dretinf       fz_ws.l(dretinf.o)
    0x0800c470   0x0000006c   Code   RO          752    x$fpl$drleqf        fz_ws.l(drleqf.o)
    0x0800c4dc   0x00000016   Code   RO          725    x$fpl$drsb          fz_ws.l(daddsub_clz.o)
    0x0800c4f2   0x00000002   PAD
    0x0800c4f4   0x000001cc   Code   RO          925    x$fpl$dsqrt         fz_ws.l(dsqrt_noumaal.o)
    0x0800c6c0   0x000001d4   Code   RO          726    x$fpl$dsub          fz_ws.l(daddsub_clz.o)
    0x0800c894   0x00000056   Code   RO          754    x$fpl$f2d           fz_ws.l(f2d.o)
    0x0800c8ea   0x00000002   PAD
    0x0800c8ec   0x000000c4   Code   RO          756    x$fpl$fadd          fz_ws.l(faddsub_clz.o)
    0x0800c9b0   0x00000018   Code   RO          927    x$fpl$fcmpinf       fz_ws.l(fcmpi.o)
    0x0800c9c8   0x00000184   Code   RO          763    x$fpl$fdiv          fz_ws.l(fdiv.o)
    0x0800cb4c   0x00000068   Code   RO          766    x$fpl$feqf          fz_ws.l(feqf.o)
    0x0800cbb4   0x00000036   Code   RO          768    x$fpl$ffix          fz_ws.l(ffix.o)
    0x0800cbea   0x00000002   PAD
    0x0800cbec   0x00000030   Code   RO          773    x$fpl$fflt          fz_ws.l(fflt_clz.o)
    0x0800cc1c   0x00000026   Code   RO          772    x$fpl$ffltu         fz_ws.l(fflt_clz.o)
    0x0800cc42   0x00000002   PAD
    0x0800cc44   0x00000068   Code   RO          778    x$fpl$fleqf         fz_ws.l(fleqf.o)
    0x0800ccac   0x00000102   Code   RO          780    x$fpl$fmul          fz_ws.l(fmul.o)
    0x0800cdae   0x0000008c   Code   RO          929    x$fpl$fnaninf       fz_ws.l(fnaninf.o)
    0x0800ce3a   0x0000000a   Code   RO          931    x$fpl$fretinf       fz_ws.l(fretinf.o)
    0x0800ce44   0x00000062   Code   RO          782    x$fpl$frleqf        fz_ws.l(frleqf.o)
    0x0800cea6   0x00000014   Code   RO          757    x$fpl$frsb          fz_ws.l(faddsub_clz.o)
    0x0800ceba   0x00000002   PAD
    0x0800cebc   0x000000ea   Code   RO          758    x$fpl$fsub          fz_ws.l(faddsub_clz.o)
    0x0800cfa6   0x00000004   Code   RO          784    x$fpl$printf1       fz_ws.l(printf1.o)
    0x0800cfaa   0x00000064   Code   RO         1104    x$fpl$retnan        fz_ws.l(retnan.o)
    0x0800d00e   0x0000005c   Code   RO          933    x$fpl$scalbn        fz_ws.l(scalbn.o)
    0x0800d06a   0x00000030   Code   RO         1115    x$fpl$trapveneer    fz_ws.l(trapv.o)
    0x0800d09a   0x00000000   Code   RO          935    x$fpl$usenofp       fz_ws.l(usenofp.o)
    0x0800d09a   0x00000011   Data   RO          703    .constdata          c_w.l(__printf_flags_ss_wp.o)
    0x0800d0ab   0x00000005   PAD
    0x0800d0b0   0x00000098   Data   RO          788    .constdata          m_ws.l(atan.o)
    0x0800d148   0x00000088   Data   RO          814    .constdata          m_ws.l(pow.o)
    0x0800d1d0   0x00000008   Data   RO          864    .constdata          c_w.l(_printf_wctomb.o)
    0x0800d1d8   0x00000028   Data   RO          893    .constdata          c_w.l(_printf_hex_int_ll_ptr.o)
    0x0800d200   0x00000030   Data   RO          937    .constdata          m_ws.l(cos_i.o)
    0x0800d230   0x00000008   Data   RO          957    .constdata          m_ws.l(qnan.o)
    0x0800d238   0x000000c8   Data   RO          960    .constdata          m_ws.l(rred.o)
    0x0800d300   0x00000028   Data   RO          964    .constdata          m_ws.l(sin_i.o)
    0x0800d328   0x00000094   Data   RO         1003    .constdata          c_w.l(bigflt0.o)
    0x0800d3bc   0x00000020   Data   RO         1185    Region$$Table       anon$$obj.o
    0x0800d3dc   0x0000001c   Data   RO         1033    locale$$data        c_w.l(lc_numeric_c.o)
    0x0800d3f8   0x00000110   Data   RO         1108    locale$$data        c_w.l(lc_ctype_c.o)


    Execution Region RW_IRAM1 (Base: 0x20000000, Size: 0x000022a8, Max: 0x00010000, ABSOLUTE, COMPRESSED[0x00000060])

    Base Addr    Size         Type   Attr      Idx    E Section Name        Object

    0x20000000   0x00000014   Data   RW           75    .data               system_stm32f10x.o
    0x20000014   0x00000004   Data   RW           93    .data               timer.o
    0x20000018   0x00000050   Data   RW          158    .data               control.o
    0x20000068   0x00000031   Data   RW          207    .data               dealdata.o
    0x20000099   0x00000003   PAD
    0x2000009c   0x00000005   Data   RW          280    .data               adc.o
    0x200000a1   0x0000000a   Data   RW          301    .data               errordetect.o
    0x200000ab   0x00000001   PAD
    0x200000ac   0x00000120   Data   RW          324    .data               kalman.o
    0x200001cc   0x00000004   PAD
    0x200001d0   0x00000054   Data   RW          350    .data               controlturn.o
    0x20000224   0x00000004   Data   RW          381    .data               bsp_usart.o
    0x20000228   0x00000014   Data   RW          451    .data               stm32f10x_rcc.o
    0x2000023c   0x00000024   Data   RW          514    .data               fsc_stos.o
    0x20000260   0x00000003   Data   RW          534    .data               main_1.o
    0x20000263   0x00000001   PAD
    0x20000264   0x00000004   Data   RW          710    .data               c_w.l(strtok.o)
    0x20000268   0x000000d4   Zero   RW          157    .bss                control.o
    0x2000033c   0x00000004   PAD
    0x20000340   0x00000098   Zero   RW          206    .bss                dealdata.o
    0x200003d8   0x00000034   Zero   RW          238    .bss                encoder.o
    0x2000040c   0x00000050   Zero   RW          300    .bss                errordetect.o
    0x2000045c   0x00000010   Zero   RW          323    .bss                kalman.o
    0x2000046c   0x000001ac   Zero   RW          349    .bss                controlturn.o
    0x20000618   0x00000424   Zero   RW          380    .bss                bsp_usart.o
    0x20000a3c   0x00000004   PAD
    0x20000a40   0x00000608   Zero   RW          513    .bss                fsc_stos.o
    0x20001048   0x00000c00   Zero   RW          533    .bss                main_1.o
    0x20001c48   0x00000060   Zero   RW         1045    .bss                c_w.l(libspace.o)
    0x20001ca8   0x00000200   Zero   RW          420    HEAP                startup_stm32f10x_hd.o
    0x20001ea8   0x00000400   Zero   RW          419    STACK               startup_stm32f10x_hd.o


==============================================================================

Image component sizes


      Code (inc. data)   RO Data    RW Data    ZI Data      Debug   Object Name

       360         30          0          5          0      10265   adc.o
      1200         56          0          4       1060      16673   bsp_usart.o
      2916        180          0         80        212       9171   control.o
      3980        312          0         84        428       4841   controlturn.o
         0          0          0          0          0         32   core_cm3.o
      4380        210          0         49        152       5749   dealdata.o
       976         44          0          0         52       2458   encoder.o
      1064         78          0         10         80       2261   errordetect.o
      2684        362          0         36       1544       8871   fsc_stos.o
       214          0          0          0          0       1014   gy85.o
      5308        536          0        288         16       5732   kalman.o
       600        150          0          3       3072       2629   main_1.o
       220         22          0          0          0       1753   misc.o
      1070         10          0          0          0       3641   myiic.o
        64         26        304          0       1536        772   startup_stm32f10x_hd.o
      1102         26          0          0          0      10785   stm32f10x_adc.o
       596          8          0          0          0       4278   stm32f10x_dma.o
       860         38          0          0          0       5597   stm32f10x_gpio.o
        22          0          0          0          0      48883   stm32f10x_it.o
       932         36          0         20          0       8740   stm32f10x_rcc.o
      3610         88          0          0          0      22080   stm32f10x_tim.o
      1032         22          0          0          0       8320   stm32f10x_usart.o
        12          0          0          0          0        425   sys.o
       480         38          0         20          0       1667   system_stm32f10x.o
      1436         52          0          4          0     208104   timer.o

    ----------------------------------------------------------------------
     35122       2324        336        612       8160     394741   Object Totals
         0          0         32          0          0          0   (incl. Generated)
         4          0          0          9          8          0   (incl. Padding)

    ----------------------------------------------------------------------

      Code (inc. data)   RO Data    RW Data    ZI Data      Debug   Library Member Name

       304         16          0          0          0        352   fsc_stos.o
       476         20          0          0          0      59060   fsc_stos_a.o
        24          4          0          0          0         84   __2printf.o
        90          0          0          0          0          0   __dczerorl2.o
         8          0          0          0          0         68   __main.o
       392          4         17          0          0         92   __printf_flags_ss_wp.o
        14          0          0          0          0         68   __printf_wp.o
         0          0          0          0          0          0   __rtentry.o
        12          0          0          0          0          0   __rtentry2.o
         6          0          0          0          0          0   __rtentry4.o
        52          8          0          0          0          0   __scatter.o
        28          0          0          0          0          0   __scatter_zi.o
         6          0          0          0          0          0   _printf_a.o
         6          0          0          0          0          0   _printf_c.o
        44          0          0          0          0        108   _printf_char.o
        48          6          0          0          0         96   _printf_char_common.o
        36          4          0          0          0         80   _printf_char_file.o
        40          0          0          0          0         68   _printf_charcount.o
         6          0          0          0          0          0   _printf_d.o
       120         16          0          0          0         92   _printf_dec.o
         6          0          0          0          0          0   _printf_e.o
         6          0          0          0          0          0   _printf_f.o
      1050          0          0          0          0        216   _printf_fp_dec.o
       128         16          0          0          0         84   _printf_fp_infnan.o
         6          0          0          0          0          0   _printf_g.o
       148          4         40          0          0        160   _printf_hex_int_ll_ptr.o
         6          0          0          0          0          0   _printf_i.o
       178          0          0          0          0         88   _printf_intcommon.o
        10          0          0          0          0          0   _printf_l.o
         6          0          0          0          0          0   _printf_lc.o
        10          0          0          0          0          0   _printf_ll.o
         6          0          0          0          0          0   _printf_lld.o
         6          0          0          0          0          0   _printf_lli.o
         6          0          0          0          0          0   _printf_llo.o
         6          0          0          0          0          0   _printf_llu.o
         6          0          0          0          0          0   _printf_llx.o
       124         16          0          0          0         92   _printf_longlong_dec.o
         6          0          0          0          0          0   _printf_ls.o
         6          0          0          0          0          0   _printf_n.o
         6          0          0          0          0          0   _printf_o.o
       112          8          0          0          0        124   _printf_oct_int_ll.o
         6          0          0          0          0          0   _printf_p.o
        78          0          0          0          0        108   _printf_pad.o
         0          0          0          0          0          0   _printf_percent.o
         4          0          0          0          0          0   _printf_percent_end.o
         6          0          0          0          0          0   _printf_s.o
        82          0          0          0          0         80   _printf_str.o
        36          0          0          0          0         84   _printf_truncate.o
         6          0          0          0          0          0   _printf_u.o
        44          0          0          0          0        108   _printf_wchar.o
       188          6          8          0          0         92   _printf_wctomb.o
         6          0          0          0          0          0   _printf_x.o
        22          0          0          0          0        100   _rserrno.o
        16          0          0          0          0         68   _snputc.o
        10          0          0          0          0         68   _sputc.o
        64          0          0          0          0         92   _wcrtomb.o
       220          4        148          0          0         96   bigflt0.o
      1910        128          0          0          0        672   btod.o
        52          4          0          0          0         80   c89vsnprintf.o
        12          0          0          0          0         72   exit.o
         8          0          0          0          0         68   ferror.o
         6          0          0          0          0        152   heapauxi.o
        44         10        272          0          0         76   lc_ctype_c.o
        44         10         28          0          0         76   lc_numeric_c.o
         2          0          0          0          0          0   libinit.o
        30          0          0          0          0          0   libinit2.o
         2          0          0          0          0          0   libshutdown.o
         2          0          0          0          0          0   libshutdown2.o
         8          4          0          0         96         68   libspace.o
       138          0          0          0          0         80   lludiv10.o
        16          4          0          0          0         76   rt_ctype_table.o
         8          4          0          0          0         68   rt_errno_addr_intlibspace.o
         8          4          0          0          0         68   rt_locale_intlibspace.o
        78          0          0          0          0         80   rt_memclr_w.o
       138          0          0          0          0         68   rt_memcpy_v6.o
       100          0          0          0          0         80   rt_memcpy_w.o
         2          0          0          0          0          0   rtexit.o
        10          0          0          0          0          0   rtexit2.o
       128          0          0          0          0         68   strcmpv7m.o
        32          0          0          0          0         80   strcspn.o
        28          0          0          0          0         80   strspn.o
        12          6          0          4          0         68   strtok.o
        68          4          0          0          0         84   strtok_int.o
        74          0          0          0          0         80   sys_stackheap_outer.o
         2          0          0          0          0         68   use_no_semi.o
         2          0          0          0          0         68   use_no_semi_2.o
        98          4          0          0          0         92   d2f.o
       826         16          0          0          0        348   daddsub_clz.o
        16          4          0          0          0         68   dcheck1.o
        24          0          0          0          0         68   dcmpi.o
       688        140          0          0          0        208   ddiv.o
        94          4          0          0          0         92   dfix.o
        90          4          0          0          0         92   dfixu.o
        84          0          0          0          0        136   dflt_clz.o
       120          4          0          0          0         92   dleqf.o
       340         12          0          0          0        104   dmul.o
       156          4          0          0          0         92   dnaninf.o
        12          0          0          0          0         68   dretinf.o
       108          0          0          0          0         80   drleqf.o
       460         56          0          0          0        120   dsqrt_noumaal.o
        86          4          0          0          0         84   f2d.o
       450          8          0          0          0        236   faddsub_clz.o
        24          0          0          0          0         68   fcmpi.o
       388         76          0          0          0         96   fdiv.o
       104          4          0          0          0         84   feqf.o
        54          4          0          0          0         84   ffix.o
        86          0          0          0          0        136   fflt_clz.o
       104          4          0          0          0         84   fleqf.o
       258          4          0          0          0         84   fmul.o
       140          4          0          0          0         84   fnaninf.o
        10          0          0          0          0         68   fretinf.o
        98          0          0          0          0         68   frleqf.o
         4          0          0          0          0         68   printf1.o
       100          0          0          0          0         68   retnan.o
        92          0          0          0          0         68   scalbn.o
        48          0          0          0          0         68   trapv.o
         0          0          0          0          0          0   usenofp.o
       544         70        152          0          0        124   atan.o
       384         38          0          0          0        144   atan2.o
       156          8          0          0          0        104   cos.o
       252         22         48          0          0        124   cos_i.o
        68         10          0          0          0        408   dunder.o
        40          0          0          0          0         68   fpclassify.o
       170          0          0          0          0         96   poly.o
      2488        190        136          0          0        300   pow.o
         0          0          8          0          0          0   qnan.o
       904         76        200          0          0        140   rred.o
       160         10          0          0          0        108   sin.o
       236         12         40          0          0        128   sin_i.o
        76          0          0          0          0         84   sqrt.o

    ----------------------------------------------------------------------
     17976       1102       1102          4         96      69144   Library Totals
        34          0          5          0          0          0   (incl. Padding)

    ----------------------------------------------------------------------

      Code (inc. data)   RO Data    RW Data    ZI Data      Debug   Library Name

       780         36          0          0          0      59412   FSC_STOS.lib
      6522        274        513          4         96       4796   c_w.l
      5162        356          0          0          0       3108   fz_ws.l
      5478        436        584          0          0       1828   m_ws.l

    ----------------------------------------------------------------------
     17976       1102       1102          4         96      69144   Library Totals

    ----------------------------------------------------------------------

==============================================================================


      Code (inc. data)   RO Data    RW Data    ZI Data      Debug   

     53098       3426       1438        616       8256     456133   Grand Totals
     53098       3426       1438         96       8256     456133   ELF Image Totals (compressed)
     53098       3426       1438         96          0          0   ROM Totals

==============================================================================

    Total RO  Size (Code + RO Data)                54536 (  53.26kB)
    Total RW  Size (RW Data + ZI Data)              8872 (   8.66kB)
    Total ROM Size (Code + RO Data + RW Data)      54632 (  53.35kB)

==============================================================================

